Component: ARM Compiler 5.06 update 6 (build 750) Tool: armlink [4d35ed]

==============================================================================

Section Cross References

    main.o(.text) refers to init.o(.text) for lwip_init
    main.o(.text) refers to netif.o(.text) for netif_add
    main.o(.text) refers to printf8.o(i.__0printf$8) for __2printf
    main.o(.text) refers to delay.o(.text) for delay_init
    main.o(.text) refers to misc.o(.text) for NVIC_PriorityGroupConfig
    main.o(.text) refers to usart.o(.text) for uart_init
    main.o(.text) refers to timer.o(.text) for TIM3_Int_Init
    main.o(.text) refers to malloc.o(.text) for my_mem_init
    main.o(.text) refers to udpecho.o(.text) for UDP_Echo_Init
    main.o(.text) refers to ethernetif.o(.text) for ethernetif_input
    main.o(.text) refers to timeouts.o(.text) for sys_check_timeouts
    main.o(.text) refers to main.o(.data) for ipaddr
    main.o(.text) refers to ethernet.o(.text) for ethernet_input
    main.o(.text) refers to main.o(.bss) for gnetif
    system_stm32f10x.o(.text) refers to system_stm32f10x.o(.data) for SystemCoreClock
    startup_stm32f10x_hd.o(RESET) refers to startup_stm32f10x_hd.o(STACK) for __initial_sp
    startup_stm32f10x_hd.o(RESET) refers to startup_stm32f10x_hd.o(.text) for Reset_Handler
    startup_stm32f10x_hd.o(RESET) refers to stm32f10x_it.o(.text) for NMI_Handler
    startup_stm32f10x_hd.o(RESET) refers to rtc.o(.text) for RTC_IRQHandler
    startup_stm32f10x_hd.o(RESET) refers to dm9000.o(.text) for EXTI9_5_IRQHandler
    startup_stm32f10x_hd.o(RESET) refers to timer.o(.text) for TIM3_IRQHandler
    startup_stm32f10x_hd.o(RESET) refers to usmart.o(.text) for TIM4_IRQHandler
    startup_stm32f10x_hd.o(RESET) refers to usart.o(.text) for USART1_IRQHandler
    startup_stm32f10x_hd.o(.text) refers to system_stm32f10x.o(.text) for SystemInit
    startup_stm32f10x_hd.o(.text) refers to entry.o(.ARM.Collect$$$$00000000) for __main
    delay.o(.text) refers to misc.o(.text) for SysTick_CLKSourceConfig
    delay.o(.text) refers to system_stm32f10x.o(.data) for SystemCoreClock
    delay.o(.text) refers to delay.o(.data) for fac_us
    usart.o(.text) refers to stm32f10x_rcc.o(.text) for RCC_APB2PeriphClockCmd
    usart.o(.text) refers to stm32f10x_gpio.o(.text) for GPIO_Init
    usart.o(.text) refers to misc.o(.text) for NVIC_Init
    usart.o(.text) refers to stm32f10x_usart.o(.text) for USART_Init
    usart.o(.text) refers to usart.o(.data) for USART_RX_STA
    usart.o(.text) refers to usart.o(.bss) for USART_RX_BUF
    key.o(.text) refers to stm32f10x_rcc.o(.text) for RCC_APB2PeriphClockCmd
    key.o(.text) refers to stm32f10x_gpio.o(.text) for GPIO_Init
    key.o(.text) refers to delay.o(.text) for delay_ms
    key.o(.text) refers to key.o(.data) for key_up
    lcd.o(.text) refers to delay.o(.text) for delay_us
    lcd.o(.text) refers to lcd.o(.bss) for lcddev
    lcd.o(.text) refers to lcd.o(.data) for POINT_COLOR
    lcd.o(.text) refers to dfltui.o(.text) for __aeabi_ui2d
    lcd.o(.text) refers to dmul.o(.text) for __aeabi_dmul
    lcd.o(.text) refers to dfixui.o(.text) for __aeabi_d2uiz
    lcd.o(.text) refers to stm32f10x_rcc.o(.text) for RCC_AHBPeriphClockCmd
    lcd.o(.text) refers to stm32f10x_gpio.o(.text) for GPIO_Init
    lcd.o(.text) refers to stm32f10x_fsmc.o(.text) for FSMC_NORSRAMInit
    lcd.o(.text) refers to printf8.o(i.__0printf$8) for __2printf
    lcd.o(.text) refers to lcd.o(.constdata) for asc2_1206
    led.o(.text) refers to stm32f10x_rcc.o(.text) for RCC_APB2PeriphClockCmd
    led.o(.text) refers to stm32f10x_gpio.o(.text) for GPIO_Init
    sram.o(.text) refers to stm32f10x_rcc.o(.text) for RCC_APB2PeriphClockCmd
    sram.o(.text) refers to stm32f10x_gpio.o(.text) for GPIO_Init
    sram.o(.text) refers to stm32f10x_fsmc.o(.text) for FSMC_NORSRAMInit
    timer.o(.text) refers to stm32f10x_rcc.o(.text) for RCC_APB1PeriphClockCmd
    timer.o(.text) refers to stm32f10x_tim.o(.text) for TIM_TimeBaseInit
    timer.o(.text) refers to misc.o(.text) for NVIC_Init
    timer.o(.text) refers to timer.o(.data) for lwip_localtime
    dm9000.o(.text) refers to delay.o(.text) for delay_ms
    dm9000.o(.text) refers to stm32f10x_rcc.o(.text) for RCC_APB2PeriphClockCmd
    dm9000.o(.text) refers to stm32f10x_gpio.o(.text) for GPIO_Init
    dm9000.o(.text) refers to stm32f10x_exti.o(.text) for EXTI_Init
    dm9000.o(.text) refers to misc.o(.text) for NVIC_Init
    dm9000.o(.text) refers to stm32f10x_fsmc.o(.text) for FSMC_NORSRAMInit
    dm9000.o(.text) refers to printf8.o(i.__0printf$8) for __2printf
    dm9000.o(.text) refers to dm9000.o(.bss) for dm9000cfg
    dm9000.o(.text) refers to pbuf.o(.text) for pbuf_alloc
    beep.o(.text) refers to stm32f10x_rcc.o(.text) for RCC_APB2PeriphClockCmd
    beep.o(.text) refers to stm32f10x_gpio.o(.text) for GPIO_Init
    rtc.o(.text) refers to misc.o(.text) for NVIC_Init
    rtc.o(.text) refers to stm32f10x_rtc.o(.text) for RTC_GetCounter
[...]
    .ARM.__AT_0x680F0000                     0x680f0000   Section    61440  malloc.o(.ARM.__AT_0x680F0000)

    Global Symbols

    Symbol Name                              Value     Ov Type        Size  Object(Section)

    BuildAttributes$$THM_ISAv4$P$D$K$B$S$PE$A:L22UL41UL21$X:L11$S22US41US21$IEEE1$IW$USESV6$~STKCKD$USESV7$~SHL$OTIME$ROPI$EBA8$MICROLIB$REQ8$PRES8$EABIv2 0x00000000   Number         0  anon$$obj.o ABSOLUTE
    __ARM_use_no_argv                        0x00000000   Number         0  main.o ABSOLUTE
    __use_no_errno                           0x00000000   Number         0  useno.o ABSOLUTE
    __use_no_exception_handling              0x00000000   Number         0  useno.o ABSOLUTE
    __use_no_fp                              0x00000000   Number         0  useno.o ABSOLUTE
    __use_no_heap                            0x00000000   Number         0  useno.o ABSOLUTE
    __use_no_heap_region                     0x00000000   Number         0  useno.o ABSOLUTE
    __use_no_semihosting                     0x00000000   Number         0  useno.o ABSOLUTE
    __use_no_semihosting_swi                 0x00000000   Number         0  useno.o ABSOLUTE
    __use_no_signal_handling                 0x00000000   Number         0  useno.o ABSOLUTE
    _printf_a                                0x00000000   Number         0  stubs.o ABSOLUTE
    _printf_c                                0x00000000   Number         0  stubs.o ABSOLUTE
    _printf_charcount                        0x00000000   Number         0  stubs.o ABSOLUTE
    _printf_d                                0x00000000   Number         0  stubs.o ABSOLUTE
    _printf_e                                0x00000000   Number         0  stubs.o ABSOLUTE
    _printf_f                                0x00000000   Number         0  stubs.o ABSOLUTE
    _printf_flags                            0x00000000   Number         0  stubs.o ABSOLUTE
    _printf_fp_dec                           0x00000000   Number         0  stubs.o ABSOLUTE
    _printf_fp_hex                           0x00000000   Number         0  stubs.o ABSOLUTE
    _printf_g                                0x00000000   Number         0  stubs.o ABSOLUTE
    _printf_i                                0x00000000   Number         0  stubs.o ABSOLUTE
    _printf_int_dec                          0x00000000   Number         0  stubs.o ABSOLUTE
    _printf_l                                0x00000000   Number         0  stubs.o ABSOLUTE
    _printf_lc                               0x00000000   Number         0  stubs.o ABSOLUTE
    _printf_ll                               0x00000000   Number         0  stubs.o ABSOLUTE
    _printf_lld                              0x00000000   Number         0  stubs.o ABSOLUTE
    _printf_lli                              0x00000000   Number         0  stubs.o ABSOLUTE
    _printf_llo                              0x00000000   Number         0  stubs.o ABSOLUTE
    _printf_llu                              0x00000000   Number         0  stubs.o ABSOLUTE
    _printf_llx                              0x00000000   Number         0  stubs.o ABSOLUTE
    _printf_longlong_dec                     0x00000000   Number         0  stubs.o ABSOLUTE
    _printf_longlong_hex                     0x00000000   Number         0  stubs.o ABSOLUTE
    _printf_longlong_oct                     0x00000000   Number         0  stubs.o ABSOLUTE
    _printf_ls                               0x00000000   Number         0  stubs.o ABSOLUTE
    _printf_mbtowc                           0x00000000   Number         0  stubs.o ABSOLUTE
    _printf_n                                0x00000000   Number         0  stubs.o ABSOLUTE
    _printf_o                                0x00000000   Number         0  stubs.o ABSOLUTE
    _printf_p                                0x00000000   Number         0  stubs.o ABSOLUTE
    _printf_percent                          0x00000000   Number         0  stubs.o ABSOLUTE
    _printf_pre_padding                      0x00000000   Number         0  stubs.o ABSOLUTE
    _printf_return_value                     0x00000000   Number         0  stubs.o ABSOLUTE
    _printf_s                                0x00000000   Number         0  stubs.o ABSOLUTE
    _printf_sizespec                         0x00000000   Number         0  stubs.o ABSOLUTE
    _printf_str                              0x00000000   Number         0  stubs.o ABSOLUTE
    _printf_truncate_signed                  0x00000000   Number         0  stubs.o ABSOLUTE
    _printf_truncate_unsigned                0x00000000   Number         0  stubs.o ABSOLUTE
    _printf_u                                0x00000000   Number         0  stubs.o ABSOLUTE
    _printf_wc                               0x00000000   Number         0  stubs.o ABSOLUTE
    _printf_wctomb                           0x00000000   Number         0  stubs.o ABSOLUTE
    _printf_widthprec                        0x00000000   Number         0  stubs.o ABSOLUTE
    _printf_x                                0x00000000   Number         0  stubs.o ABSOLUTE
    __cpp_initialize__aeabi_                  - Undefined Weak Reference
    __cxa_finalize                            - Undefined Weak Reference
    _clock_init                               - Undefined Weak Reference
    _microlib_exit                            - Undefined Weak Reference
    __Vectors_Size                           0x00000130   Number         0  startup_stm32f10x_hd.o ABSOLUTE
    __Vectors                                0x08000000   Data           4  startup_stm32f10x_hd.o(RESET)
    __Vectors_End                            0x08000130   Data           0  startup_stm32f10x_hd.o(RESET)
    __main                                   0x08000131   Thumb Code     0  entry.o(.ARM.Collect$$$$00000000)
    _main_stk                                0x08000131   Thumb Code     0  entry2.o(.ARM.Collect$$$$00000001)
    _main_scatterload                        0x08000135   Thumb Code     0  entry5.o(.ARM.Collect$$$$00000004)
    __main_after_scatterload                 0x08000139   Thumb Code     0  entry5.o(.ARM.Collect$$$$00000004)
    _main_clock                              0x08000139   Thumb Code     0  entry7b.o(.ARM.Collect$$$$00000008)
    _main_cpp_init                           0x08000139   Thumb Code     0  entry8b.o(.ARM.Collect$$$$0000000A)
    _main_init                               0x08000139   Thumb Code     0  entry9a.o(.ARM.Collect$$$$0000000B)
    __rt_final_cpp                           0x08000141   Thumb Code     0  entry10a.o(.ARM.Collect$$$$0000000D)
    __rt_final_exit                          0x08000141   Thumb Code     0  entry11a.o(.ARM.Collect$$$$0000000F)
    LwIP_Init                                0x08000145   Thumb Code   112  main.o(.text)
    main                                     0x080001b5   Thumb Code    60  main.o(.text)
    NMI_Handler                              0x08000241   Thumb Code     2  stm32f10x_it.o(.text)
    HardFault_Handler                        0x08000243   Thumb Code     4  stm32f10x_it.o(.text)
    MemManage_Handler                        0x08000247   Thumb Code     4  stm32f10x_it.o(.text)
    BusFault_Handler                         0x0800024b   Thumb Code     4  stm32f10x_it.o(.text)
    UsageFault_Handler                       0x0800024f   Thumb Code     4  stm32f10x_it.o(.text)
    SVC_Handler                              0x08000253   Thumb Code     2  stm32f10x_it.o(.text)
    DebugMon_Handler                         0x08000255   Thumb Code     2  stm32f10x_it.o(.text)
    PendSV_Handler                           0x08000257   Thumb Code     2  stm32f10x_it.o(.text)
    SysTick_Handler                          0x08000259   Thumb Code     2  stm32f10x_it.o(.text)
    SystemInit                               0x0800033b   Thumb Code    78  system_stm32f10x.o(.text)
    SystemCoreClockUpdate                    0x08000389   Thumb Code   142  system_stm32f10x.o(.text)
    Reset_Handler                            0x0800043d   Thumb Code     8  startup_stm32f10x_hd.o(.text)
    ADC1_2_IRQHandler                        0x08000457   Thumb Code     0  startup_stm32f10x_hd.o(.text)
    ADC3_IRQHandler                          0x08000457   Thumb Code     0  startup_stm32f10x_hd.o(.text)
    CAN1_RX1_IRQHandler                      0x08000457   Thumb Code     0  startup_stm32f10x_hd.o(.text)
    CAN1_SCE_IRQHandler                      0x08000457   Thumb Code     0  startup_stm32f10x_hd.o(.text)
    DMA1_Channel1_IRQHandler                 0x08000457   Thumb Code     0  startup_stm32f10x_hd.o(.text)
    DMA1_Channel2_IRQHandler                 0x08000457   Thumb Code     0  startup_stm32f10x_hd.o(.text)
    DMA1_Channel3_IRQHandler                 0x08000457   Thumb Code     0  startup_stm32f10x_hd.o(.text)
    DMA1_Channel4_IRQHandler                 0x08000457   Thumb Code     0  startup_stm32f10x_hd.o(.text)
    DMA1_Channel5_IRQHandler                 0x08000457   Thumb Code     0  startup_stm32f10x_hd.o(.text)
    DMA1_Channel6_IRQHandler                 0x08000457   Thumb Code     0  startup_stm32f10x_hd.o(.text)
    DMA1_Channel7_IRQHandler                 0x08000457   Thumb Code     0  startup_stm32f10x_hd.o(.text)
    DMA2_Channel1_IRQHandler                 0x08000457   Thumb Code     0  startup_stm32f10x_hd.o(.text)
    DMA2_Channel2_IRQHandler                 0x08000457   Thumb Code     0  startup_stm32f10x_hd.o(.text)
    DMA2_Channel3_IRQHandler                 0x08000457   Thumb Code     0  startup_stm32f10x_hd.o(.text)
    DMA2_Channel4_5_IRQHandler               0x08000457   Thumb Code     0  startup_stm32f10x_hd.o(.text)
    EXTI0_IRQHandler                         0x08000457   Thumb Code     0  startup_stm32f10x_hd.o(.text)
    EXTI15_10_IRQHandler                     0x08000457   Thumb Code     0  startup_stm32f10x_hd.o(.text)
    EXTI1_IRQHandler                         0x08000457   Thumb Code     0  startup_stm32f10x_hd.o(.text)
    EXTI2_IRQHandler                         0x08000457   Thumb Code     0  startup_stm32f10x_hd.o(.text)
    EXTI3_IRQHandler                         0x08000457   Thumb Code     0  startup_stm32f10x_hd.o(.text)
    EXTI4_IRQHandler                         0x08000457   Thumb Code     0  startup_stm32f10x_hd.o(.text)
    FLASH_IRQHandler                         0x08000457   Thumb Code     0  startup_stm32f10x_hd.o(.text)
    FSMC_IRQHandler                          0x08000457   Thumb Code     0  startup_stm32f10x_hd.o(.text)
    I2C1_ER_IRQHandler                       0x08000457   Thumb Code     0  startup_stm32f10x_hd.o(.text)
    I2C1_EV_IRQHandler                       0x08000457   Thumb Code     0  startup_stm32f10x_hd.o(.text)
    I2C2_ER_IRQHandler                       0x08000457   Thumb Code     0  startup_stm32f10x_hd.o(.text)
    I2C2_EV_IRQHandler                       0x08000457   Thumb Code     0  startup_stm32f10x_hd.o(.text)
    PVD_IRQHandler                           0x08000457   Thumb Code     0  startup_stm32f10x_hd.o(.text)
    RCC_IRQHandler                           0x08000457   Thumb Code     0  startup_stm32f10x_hd.o(.text)
    RTCAlarm_IRQHandler                      0x08000457   Thumb Code     0  startup_stm32f10x_hd.o(.text)
    SDIO_IRQHandler                          0x08000457   Thumb Code     0  startup_stm32f10x_hd.o(.text)
    SPI1_IRQHandler                          0x08000457   Thumb Code     0  startup_stm32f10x_hd.o(.text)
    SPI2_IRQHandler                          0x08000457   Thumb Code     0  startup_stm32f10x_hd.o(.text)
    SPI3_IRQHandler                          0x08000457   Thumb Code     0  startup_stm32f10x_hd.o(.text)
    TAMPER_IRQHandler                        0x08000457   Thumb Code     0  startup_stm32f10x_hd.o(.text)
    TIM1_BRK_IRQHandler                      0x08000457   Thumb Code     0  startup_stm32f10x_hd.o(.text)
    TIM1_CC_IRQHandler                       0x08000457   Thumb Code     0  startup_stm32f10x_hd.o(.text)
    TIM1_TRG_COM_IRQHandler                  0x08000457   Thumb Code     0  startup_stm32f10x_hd.o(.text)
    TIM1_UP_IRQHandler                       0x08000457   Thumb Code     0  startup_stm32f10x_hd.o(.text)
    TIM2_IRQHandler                          0x08000457   Thumb Code     0  startup_stm32f10x_hd.o(.text)
    TIM5_IRQHandler                          0x08000457   Thumb Code     0  startup_stm32f10x_hd.o(.text)
    TIM6_IRQHandler                          0x08000457   Thumb Code     0  startup_stm32f10x_hd.o(.text)
    TIM7_IRQHandler                          0x08000457   Thumb Code     0  startup_stm32f10x_hd.o(.text)
    TIM8_BRK_IRQHandler                      0x08000457   Thumb Code     0  startup_stm32f10x_hd.o(.text)
    TIM8_CC_IRQHandler                       0x08000457   Thumb Code     0  startup_stm32f10x_hd.o(.text)
    TIM8_TRG_COM_IRQHandler                  0x08000457   Thumb Code     0  startup_stm32f10x_hd.o(.text)
    TIM8_UP_IRQHandler                       0x08000457   Thumb Code     0  startup_stm32f10x_hd.o(.text)
    UART4_IRQHandler                         0x08000457   Thumb Code     0  startup_stm32f10x_hd.o(.text)
    UART5_IRQHandler                         0x08000457   Thumb Code     0  startup_stm32f10x_hd.o(.text)
    USART2_IRQHandler                        0x08000457   Thumb Code     0  startup_stm32f10x_hd.o(.text)
    USART3_IRQHandler                        0x08000457   Thumb Code     0  startup_stm32f10x_hd.o(.text)
    USBWakeUp_IRQHandler                     0x08000457   Thumb Code     0  startup_stm32f10x_hd.o(.text)
    USB_HP_CAN1_TX_IRQHandler                0x08000457   Thumb Code     0  startup_stm32f10x_hd.o(.text)
    USB_LP_CAN1_RX0_IRQHandler               0x08000457   Thumb Code     0  startup_stm32f10x_hd.o(.text)
    WWDG_IRQHandler                          0x08000457   Thumb Code     0  startup_stm32f10x_hd.o(.text)
    delay_init                               0x08000461   Thumb Code    50  delay.o(.text)
    delay_us                                 0x08000493   Thumb Code    72  delay.o(.text)
    delay_ms                                 0x080004db   Thumb Code    72  delay.o(.text)
    _sys_exit                                0x08000535   Thumb Code     4  usart.o(.text)
    fputc                                    0x08000539   Thumb Code    24  usart.o(.text)
    uart_init                                0x08000551   Thumb Code   152  usart.o(.text)
    USART1_IRQHandler                        0x080005e9   Thumb Code   122  usart.o(.text)
    TIM3_Int_Init                            0x08000675   Thumb Code    90  timer.o(.text)
    TIM3_IRQHandler                          0x080006cf   Thumb Code    34  timer.o(.text)
    Get_time                                 0x080006f1   Thumb Code     6  timer.o(.text)
    DM9000_WriteReg                          0x08000701   Thumb Code    14  dm9000.o(.text)
    DM9000_ReadReg                           0x0800070f   Thumb Code    16  dm9000.o(.text)
    DM9000_PHY_ReadReg                       0x0800071f   Thumb Code    60  dm9000.o(.text)
    DM9000_Get_SpeedAndDuplex                0x0800075b   Thumb Code   110  dm9000.o(.text)
    DM9000_Set_Multicast                     0x080007c9   Thumb Code    28  dm9000.o(.text)
    DM9000_Set_MACAddress                    0x080007e5   Thumb Code    28  dm9000.o(.text)
    DM9000_PHY_WriteReg                      0x08000801   Thumb Code    56  dm9000.o(.text)
    DM9000_Set_PHYMode                       0x08000839   Thumb Code    92  dm9000.o(.text)
    DM9000_Get_DeiviceID                     0x08000895   Thumb Code    44  dm9000.o(.text)
    DM9000_Reset                             0x080008c1   Thumb Code   114  dm9000.o(.text)
    DM9000_Init                              0x08000933   Thumb Code   678  dm9000.o(.text)
    DM9000_SendPacket                        0x08000bd9   Thumb Code   162  dm9000.o(.text)
    DM9000_Receive_Packet                    0x08000c7b   Thumb Code   336  dm9000.o(.text)
    DMA9000_ISRHandler                       0x08000dcb   Thumb Code    52  dm9000.o(.text)
    EXTI9_5_IRQHandler                       0x08000dff   Thumb Code    24  dm9000.o(.text)
    RTC_Get_Week                             0x08000f61   Thumb Code   116  rtc.o(.text)
    Is_Leap_Year                             0x08000fd5   Thumb Code    58  rtc.o(.text)
    RTC_Get                                  0x0800100f   Thumb Code   240  rtc.o(.text)
    RTC_Set                                  0x080010ff   Thumb Code   184  rtc.o(.text)
    RTC_Init                                 0x080011b7   Thumb Code   208  rtc.o(.text)
    RTC_IRQHandler                           0x08001287   Thumb Code    76  rtc.o(.text)
    RTC_Alarm_Set                            0x080012d3   Thumb Code   184  rtc.o(.text)
    NVIC_PriorityGroupConfig                 0x080013c9   Thumb Code    10  misc.o(.text)
    NVIC_Init                                0x080013d3   Thumb Code   100  misc.o(.text)
    NVIC_SetVectorTable                      0x08001437   Thumb Code    14  misc.o(.text)
    NVIC_SystemLPConfig                      0x08001445   Thumb Code    34  misc.o(.text)
    SysTick_CLKSourceConfig                  0x08001467   Thumb Code    40  misc.o(.text)
    FSMC_NORSRAMDeInit                       0x080014a5   Thumb Code    54  stm32f10x_fsmc.o(.text)
    FSMC_NANDDeInit                          0x080014db   Thumb Code    62  stm32f10x_fsmc.o(.text)
    FSMC_PCCARDDeInit                        0x08001519   Thumb Code    36  stm32f10x_fsmc.o(.text)
    FSMC_NORSRAMInit                         0x0800153d   Thumb Code   230  stm32f10x_fsmc.o(.text)
    FSMC_NANDInit                            0x08001623   Thumb Code   132  stm32f10x_fsmc.o(.text)
    FSMC_PCCARDInit                          0x080016a7   Thumb Code   130  stm32f10x_fsmc.o(.text)
    FSMC_NORSRAMStructInit                   0x08001729   Thumb Code   114  stm32f10x_fsmc.o(.text)
    FSMC_NANDStructInit                      0x0800179b   Thumb Code    54  stm32f10x_fsmc.o(.text)
    FSMC_PCCARDStructInit                    0x080017d1   Thumb Code    60  stm32f10x_fsmc.o(.text)
    FSMC_NORSRAMCmd                          0x0800180d   Thumb Code    46  stm32f10x_fsmc.o(.text)
    FSMC_NANDCmd                             0x0800183b   Thumb Code    86  stm32f10x_fsmc.o(.text)
    FSMC_PCCARDCmd                           0x08001891   Thumb Code    44  stm32f10x_fsmc.o(.text)
    FSMC_NANDECCCmd                          0x080018bd   Thumb Code    90  stm32f10x_fsmc.o(.text)
    FSMC_GetECC                              0x08001917   Thumb Code    24  stm32f10x_fsmc.o(.text)
    FSMC_ITConfig                            0x0800192f   Thumb Code   128  stm32f10x_fsmc.o(.text)
    FSMC_GetFlagStatus                       0x080019af   Thumb Code    54  stm32f10x_fsmc.o(.text)
    FSMC_ClearFlag                           0x080019e5   Thumb Code    62  stm32f10x_fsmc.o(.text)
    FSMC_GetITStatus                         0x08001a23   Thumb Code    64  stm32f10x_fsmc.o(.text)
    FSMC_ClearITPendingBit                   0x08001a63   Thumb Code    68  stm32f10x_fsmc.o(.text)
    GPIO_DeInit                              0x08001ab1   Thumb Code   172  stm32f10x_gpio.o(.text)
    GPIO_AFIODeInit                          0x08001b5d   Thumb Code    20  stm32f10x_gpio.o(.text)
    GPIO_Init                                0x08001b71   Thumb Code   278  stm32f10x_gpio.o(.text)
    GPIO_StructInit                          0x08001c87   Thumb Code    16  stm32f10x_gpio.o(.text)
    GPIO_ReadInputDataBit                    0x08001c97   Thumb Code    18  stm32f10x_gpio.o(.text)
    GPIO_ReadInputData                       0x08001ca9   Thumb Code     8  stm32f10x_gpio.o(.text)
    GPIO_ReadOutputDataBit                   0x08001cb1   Thumb Code    18  stm32f10x_gpio.o(.text)
    GPIO_ReadOutputData                      0x08001cc3   Thumb Code     8  stm32f10x_gpio.o(.text)
    GPIO_SetBits                             0x08001ccb   Thumb Code     4  stm32f10x_gpio.o(.text)
    GPIO_ResetBits                           0x08001ccf   Thumb Code     4  stm32f10x_gpio.o(.text)
    GPIO_WriteBit                            0x08001cd3   Thumb Code    10  stm32f10x_gpio.o(.text)
    GPIO_Write                               0x08001cdd   Thumb Code     4  stm32f10x_gpio.o(.text)
    GPIO_PinLockConfig                       0x08001ce1   Thumb Code    18  stm32f10x_gpio.o(.text)
    GPIO_EventOutputConfig                   0x08001cf3   Thumb Code    26  stm32f10x_gpio.o(.text)
    GPIO_EventOutputCmd                      0x08001d0d   Thumb Code     6  stm32f10x_gpio.o(.text)
    GPIO_PinRemapConfig                      0x08001d13   Thumb Code   138  stm32f10x_gpio.o(.text)
    GPIO_EXTILineConfig                      0x08001d9d   Thumb Code    66  stm32f10x_gpio.o(.text)
    GPIO_ETH_MediaInterfaceConfig            0x08001ddf   Thumb Code     8  stm32f10x_gpio.o(.text)
    RCC_DeInit                               0x08001e0d   Thumb Code    64  stm32f10x_rcc.o(.text)
    RCC_HSEConfig                            0x08001e4d   Thumb Code    70  stm32f10x_rcc.o(.text)
    RCC_GetFlagStatus                        0x08001e93   Thumb Code    56  stm32f10x_rcc.o(.text)
    RCC_WaitForHSEStartUp                    0x08001ecb   Thumb Code    56  stm32f10x_rcc.o(.text)
    RCC_AdjustHSICalibrationValue            0x08001f03   Thumb Code    20  stm32f10x_rcc.o(.text)
    RCC_HSICmd                               0x08001f17   Thumb Code     6  stm32f10x_rcc.o(.text)
    RCC_PLLConfig                            0x08001f1d   Thumb Code    24  stm32f10x_rcc.o(.text)
    RCC_PLLCmd                               0x08001f35   Thumb Code     6  stm32f10x_rcc.o(.text)
    RCC_SYSCLKConfig                         0x08001f3b   Thumb Code    18  stm32f10x_rcc.o(.text)
    RCC_GetSYSCLKSource                      0x08001f4d   Thumb Code    10  stm32f10x_rcc.o(.text)
    RCC_HCLKConfig                           0x08001f57   Thumb Code    18  stm32f10x_rcc.o(.text)
    RCC_PCLK1Config                          0x08001f69   Thumb Code    18  stm32f10x_rcc.o(.text)
    RCC_PCLK2Config                          0x08001f7b   Thumb Code    20  stm32f10x_rcc.o(.text)
    RCC_ITConfig                             0x08001f8f   Thumb Code    26  stm32f10x_rcc.o(.text)
    RCC_USBCLKConfig                         0x08001fa9   Thumb Code     8  stm32f10x_rcc.o(.text)
    RCC_ADCCLKConfig                         0x08001fb1   Thumb Code    18  stm32f10x_rcc.o(.text)
    RCC_LSEConfig                            0x08001fc3   Thumb Code    50  stm32f10x_rcc.o(.text)
    RCC_LSICmd                               0x08001ff5   Thumb Code     6  stm32f10x_rcc.o(.text)
    RCC_RTCCLKConfig                         0x08001ffb   Thumb Code    12  stm32f10x_rcc.o(.text)
    RCC_RTCCLKCmd                            0x08002007   Thumb Code     8  stm32f10x_rcc.o(.text)
    RCC_GetClocksFreq                        0x0800200f   Thumb Code   192  stm32f10x_rcc.o(.text)
    RCC_AHBPeriphClockCmd                    0x080020cf   Thumb Code    26  stm32f10x_rcc.o(.text)
    RCC_APB2PeriphClockCmd                   0x080020e9   Thumb Code    26  stm32f10x_rcc.o(.text)
    RCC_APB1PeriphClockCmd                   0x08002103   Thumb Code    26  stm32f10x_rcc.o(.text)
    RCC_APB2PeriphResetCmd                   0x0800211d   Thumb Code    26  stm32f10x_rcc.o(.text)
    RCC_APB1PeriphResetCmd                   0x08002137   Thumb Code    26  stm32f10x_rcc.o(.text)
    RCC_BackupResetCmd                       0x08002151   Thumb Code     8  stm32f10x_rcc.o(.text)
    RCC_ClockSecuritySystemCmd               0x08002159   Thumb Code     6  stm32f10x_rcc.o(.text)
    RCC_MCOConfig                            0x0800215f   Thumb Code     6  stm32f10x_rcc.o(.text)
    RCC_ClearFlag                            0x08002165   Thumb Code    14  stm32f10x_rcc.o(.text)
    RCC_GetITStatus                          0x08002173   Thumb Code    20  stm32f10x_rcc.o(.text)
    RCC_ClearITPendingBit                    0x08002187   Thumb Code     6  stm32f10x_rcc.o(.text)
    TIM_DeInit                               0x080021b1   Thumb Code   424  stm32f10x_tim.o(.text)
    TIM_TimeBaseInit                         0x08002359   Thumb Code   122  stm32f10x_tim.o(.text)
    TIM_OC1Init                              0x080023d3   Thumb Code   132  stm32f10x_tim.o(.text)
    TIM_OC2Init                              0x08002457   Thumb Code   154  stm32f10x_tim.o(.text)
    TIM_OC3Init                              0x080024f1   Thumb Code   150  stm32f10x_tim.o(.text)
    TIM_OC4Init                              0x08002587   Thumb Code   182  stm32f10x_tim.o(.text)
    TIM_SetIC4Prescaler                      0x0800263d   Thumb Code    26  stm32f10x_tim.o(.text)
    TIM_SetIC3Prescaler                      0x080026d9   Thumb Code    18  stm32f10x_tim.o(.text)
    TIM_SetIC2Prescaler                      0x08002765   Thumb Code    26  stm32f10x_tim.o(.text)
    TIM_SetIC1Prescaler                      0x08002801   Thumb Code    18  stm32f10x_tim.o(.text)
    TIM_ICInit                               0x0800287f   Thumb Code   150  stm32f10x_tim.o(.text)
    TIM_PWMIConfig                           0x08002915   Thumb Code   124  stm32f10x_tim.o(.text)
    TIM_BDTRConfig                           0x08002991   Thumb Code    32  stm32f10x_tim.o(.text)
    TIM_TimeBaseStructInit                   0x080029b1   Thumb Code    18  stm32f10x_tim.o(.text)
    TIM_OCStructInit                         0x080029c3   Thumb Code    20  stm32f10x_tim.o(.text)
    TIM_ICStructInit                         0x080029d7   Thumb Code    18  stm32f10x_tim.o(.text)
    TIM_BDTRStructInit                       0x080029e9   Thumb Code    40  stm32f10x_tim.o(.text)
    TIM_Cmd                                  0x08002a11   Thumb Code    24  stm32f10x_tim.o(.text)
    TIM_CtrlPWMOutputs                       0x08002a29   Thumb Code    30  stm32f10x_tim.o(.text)
    TIM_ITConfig                             0x08002a47   Thumb Code    18  stm32f10x_tim.o(.text)
    TIM_GenerateEvent                        0x08002a59   Thumb Code     4  stm32f10x_tim.o(.text)
    TIM_DMAConfig                            0x08002a5d   Thumb Code    10  stm32f10x_tim.o(.text)
    TIM_DMACmd                               0x08002a67   Thumb Code    18  stm32f10x_tim.o(.text)
    TIM_InternalClockConfig                  0x08002a79   Thumb Code    12  stm32f10x_tim.o(.text)
    TIM_SelectInputTrigger                   0x08002a85   Thumb Code    18  stm32f10x_tim.o(.text)
    TIM_ITRxExternalClockConfig              0x08002a97   Thumb Code    24  stm32f10x_tim.o(.text)
    TIM_TIxExternalClockConfig               0x08002aaf   Thumb Code    62  stm32f10x_tim.o(.text)
    TIM_ETRConfig                            0x08002aed   Thumb Code    28  stm32f10x_tim.o(.text)
    TIM_ETRClockMode1Config                  0x08002b09   Thumb Code    54  stm32f10x_tim.o(.text)
    TIM_ETRClockMode2Config                  0x08002b3f   Thumb Code    32  stm32f10x_tim.o(.text)
    TIM_PrescalerConfig                      0x08002b5f   Thumb Code     6  stm32f10x_tim.o(.text)
    TIM_CounterModeConfig                    0x08002b65   Thumb Code    18  stm32f10x_tim.o(.text)
    TIM_EncoderInterfaceConfig               0x08002b77   Thumb Code    66  stm32f10x_tim.o(.text)
    TIM_ForcedOC1Config                      0x08002bb9   Thumb Code    18  stm32f10x_tim.o(.text)
    TIM_ForcedOC2Config                      0x08002bcb   Thumb Code    26  stm32f10x_tim.o(.text)
    TIM_ForcedOC3Config                      0x08002be5   Thumb Code    18  stm32f10x_tim.o(.text)
    TIM_ForcedOC4Config                      0x08002bf7   Thumb Code    26  stm32f10x_tim.o(.text)
    TIM_ARRPreloadConfig                     0x08002c11   Thumb Code    24  stm32f10x_tim.o(.text)
    TIM_SelectCOM                            0x08002c29   Thumb Code    24  stm32f10x_tim.o(.text)
    TIM_SelectCCDMA                          0x08002c41   Thumb Code    24  stm32f10x_tim.o(.text)
    TIM_CCPreloadControl                     0x08002c59   Thumb Code    24  stm32f10x_tim.o(.text)
    TIM_OC1PreloadConfig                     0x08002c71   Thumb Code    18  stm32f10x_tim.o(.text)
    TIM_OC2PreloadConfig                     0x08002c83   Thumb Code    26  stm32f10x_tim.o(.text)
    TIM_OC3PreloadConfig                     0x08002c9d   Thumb Code    18  stm32f10x_tim.o(.text)
    TIM_OC4PreloadConfig                     0x08002caf   Thumb Code    26  stm32f10x_tim.o(.text)
    TIM_OC1FastConfig                        0x08002cc9   Thumb Code    18  stm32f10x_tim.o(.text)
    TIM_OC2FastConfig                        0x08002cdb   Thumb Code    26  stm32f10x_tim.o(.text)
    TIM_OC3FastConfig                        0x08002cf5   Thumb Code    18  stm32f10x_tim.o(.text)
    TIM_OC4FastConfig                        0x08002d07   Thumb Code    26  stm32f10x_tim.o(.text)
    TIM_ClearOC1Ref                          0x08002d21   Thumb Code    18  stm32f10x_tim.o(.text)
    TIM_ClearOC2Ref                          0x08002d33   Thumb Code    24  stm32f10x_tim.o(.text)
    TIM_ClearOC3Ref                          0x08002d4b   Thumb Code    18  stm32f10x_tim.o(.text)
    TIM_ClearOC4Ref                          0x08002d5d   Thumb Code    24  stm32f10x_tim.o(.text)
    TIM_OC1PolarityConfig                    0x08002d75   Thumb Code    18  stm32f10x_tim.o(.text)
    TIM_OC1NPolarityConfig                   0x08002d87   Thumb Code    18  stm32f10x_tim.o(.text)
    TIM_OC2PolarityConfig                    0x08002d99   Thumb Code    26  stm32f10x_tim.o(.text)
    TIM_OC2NPolarityConfig                   0x08002db3   Thumb Code    26  stm32f10x_tim.o(.text)
    TIM_OC3PolarityConfig                    0x08002dcd   Thumb Code    26  stm32f10x_tim.o(.text)
    TIM_OC3NPolarityConfig                   0x08002de7   Thumb Code    26  stm32f10x_tim.o(.text)
    TIM_OC4PolarityConfig                    0x08002e01   Thumb Code    26  stm32f10x_tim.o(.text)
    TIM_CCxCmd                               0x08002e1b   Thumb Code    30  stm32f10x_tim.o(.text)
    TIM_CCxNCmd                              0x08002e39   Thumb Code    30  stm32f10x_tim.o(.text)
    TIM_SelectOCxM                           0x08002e57   Thumb Code    82  stm32f10x_tim.o(.text)
    TIM_UpdateDisableConfig                  0x08002ea9   Thumb Code    24  stm32f10x_tim.o(.text)
    TIM_UpdateRequestConfig                  0x08002ec1   Thumb Code    24  stm32f10x_tim.o(.text)
    TIM_SelectHallSensor                     0x08002ed9   Thumb Code    24  stm32f10x_tim.o(.text)
    TIM_SelectOnePulseMode                   0x08002ef1   Thumb Code    18  stm32f10x_tim.o(.text)
    TIM_SelectOutputTrigger                  0x08002f03   Thumb Code    18  stm32f10x_tim.o(.text)
    TIM_SelectSlaveMode                      0x08002f15   Thumb Code    18  stm32f10x_tim.o(.text)
    TIM_SelectMasterSlaveMode                0x08002f27   Thumb Code    18  stm32f10x_tim.o(.text)
    TIM_SetCounter                           0x08002f39   Thumb Code     4  stm32f10x_tim.o(.text)
    TIM_SetAutoreload                        0x08002f3d   Thumb Code     4  stm32f10x_tim.o(.text)
    TIM_SetCompare1                          0x08002f41   Thumb Code     4  stm32f10x_tim.o(.text)
    TIM_SetCompare2                          0x08002f45   Thumb Code     4  stm32f10x_tim.o(.text)
    TIM_SetCompare3                          0x08002f49   Thumb Code     4  stm32f10x_tim.o(.text)
    TIM_SetCompare4                          0x08002f4d   Thumb Code     6  stm32f10x_tim.o(.text)
    TIM_SetClockDivision                     0x08002f53   Thumb Code    18  stm32f10x_tim.o(.text)
    TIM_GetCapture1                          0x08002f65   Thumb Code     6  stm32f10x_tim.o(.text)
    TIM_GetCapture2                          0x08002f6b   Thumb Code     6  stm32f10x_tim.o(.text)
    TIM_GetCapture3                          0x08002f71   Thumb Code     6  stm32f10x_tim.o(.text)
    TIM_GetCapture4                          0x08002f77   Thumb Code     8  stm32f10x_tim.o(.text)
    TIM_GetCounter                           0x08002f7f   Thumb Code     6  stm32f10x_tim.o(.text)
    TIM_GetPrescaler                         0x08002f85   Thumb Code     6  stm32f10x_tim.o(.text)
    TIM_GetFlagStatus                        0x08002f8b   Thumb Code    18  stm32f10x_tim.o(.text)
    TIM_ClearFlag                            0x08002f9d   Thumb Code     6  stm32f10x_tim.o(.text)
    TIM_GetITStatus                          0x08002fa3   Thumb Code    34  stm32f10x_tim.o(.text)
    TIM_ClearITPendingBit                    0x08002fc5   Thumb Code     6  stm32f10x_tim.o(.text)
    USART_DeInit                             0x08002fcd   Thumb Code   134  stm32f10x_usart.o(.text)
    USART_Init                               0x08003053   Thumb Code   210  stm32f10x_usart.o(.text)
    USART_StructInit                         0x08003125   Thumb Code    24  stm32f10x_usart.o(.text)
    USART_ClockInit                          0x0800313d   Thumb Code    34  stm32f10x_usart.o(.text)
    USART_ClockStructInit                    0x0800315f   Thumb Code    12  stm32f10x_usart.o(.text)
    USART_Cmd                                0x0800316b   Thumb Code    24  stm32f10x_usart.o(.text)
    USART_ITConfig                           0x08003183   Thumb Code    74  stm32f10x_usart.o(.text)
    USART_DMACmd                             0x080031cd   Thumb Code    18  stm32f10x_usart.o(.text)
    USART_SetAddress                         0x080031df   Thumb Code    18  stm32f10x_usart.o(.text)
    USART_WakeUpConfig                       0x080031f1   Thumb Code    18  stm32f10x_usart.o(.text)
    USART_ReceiverWakeUpCmd                  0x08003203   Thumb Code    24  stm32f10x_usart.o(.text)
    USART_LINBreakDetectLengthConfig         0x0800321b   Thumb Code    18  stm32f10x_usart.o(.text)
    USART_LINCmd                             0x0800322d   Thumb Code    24  stm32f10x_usart.o(.text)
    USART_SendData                           0x08003245   Thumb Code     8  stm32f10x_usart.o(.text)
    USART_ReceiveData                        0x0800324d   Thumb Code    10  stm32f10x_usart.o(.text)
    USART_SendBreak                          0x08003257   Thumb Code    10  stm32f10x_usart.o(.text)
    USART_SetGuardTime                       0x08003261   Thumb Code    16  stm32f10x_usart.o(.text)
    USART_SetPrescaler                       0x08003271   Thumb Code    16  stm32f10x_usart.o(.text)
    USART_SmartCardCmd                       0x08003281   Thumb Code    24  stm32f10x_usart.o(.text)
    USART_SmartCardNACKCmd                   0x08003299   Thumb Code    24  stm32f10x_usart.o(.text)
    USART_HalfDuplexCmd                      0x080032b1   Thumb Code    24  stm32f10x_usart.o(.text)
    USART_OverSampling8Cmd                   0x080032c9   Thumb Code    22  stm32f10x_usart.o(.text)
    USART_OneBitMethodCmd                    0x080032df   Thumb Code    24  stm32f10x_usart.o(.text)
    USART_IrDAConfig                         0x080032f7   Thumb Code    18  stm32f10x_usart.o(.text)
    USART_IrDACmd                            0x08003309   Thumb Code    24  stm32f10x_usart.o(.text)
    USART_GetFlagStatus                      0x08003321   Thumb Code    26  stm32f10x_usart.o(.text)
    USART_ClearFlag                          0x0800333b   Thumb Code    18  stm32f10x_usart.o(.text)
    USART_GetITStatus                        0x0800334d   Thumb Code    84  stm32f10x_usart.o(.text)
    USART_ClearITPendingBit                  0x080033a1   Thumb Code    52  stm32f10x_usart.o(.text)
    EXTI_DeInit                              0x080033d5   Thumb Code    28  stm32f10x_exti.o(.text)
    EXTI_Init                                0x080033f1   Thumb Code   142  stm32f10x_exti.o(.text)
    EXTI_StructInit                          0x0800347f   Thumb Code    16  stm32f10x_exti.o(.text)
    EXTI_GenerateSWInterrupt                 0x0800348f   Thumb Code    16  stm32f10x_exti.o(.text)
    EXTI_GetFlagStatus                       0x0800349f   Thumb Code    22  stm32f10x_exti.o(.text)
    EXTI_ClearFlag                           0x080034b5   Thumb Code     8  stm32f10x_exti.o(.text)
    EXTI_GetITStatus                         0x080034bd   Thumb Code    34  stm32f10x_exti.o(.text)
    EXTI_ClearITPendingBit                   0x080034df   Thumb Code     8  stm32f10x_exti.o(.text)
    BKP_DeInit                               0x080034f1   Thumb Code    16  stm32f10x_bkp.o(.text)
    BKP_TamperPinLevelConfig                 0x08003501   Thumb Code     6  stm32f10x_bkp.o(.text)
    BKP_TamperPinCmd                         0x08003507   Thumb Code     8  stm32f10x_bkp.o(.text)
    BKP_ITConfig                             0x0800350f   Thumb Code     8  stm32f10x_bkp.o(.text)
    BKP_RTCOutputConfig                      0x08003517   Thumb Code    22  stm32f10x_bkp.o(.text)
    BKP_SetRTCCalibrationValue               0x0800352d   Thumb Code    22  stm32f10x_bkp.o(.text)
    BKP_WriteBackupRegister                  0x08003543   Thumb Code    24  stm32f10x_bkp.o(.text)
    BKP_ReadBackupRegister                   0x0800355b   Thumb Code    26  stm32f10x_bkp.o(.text)
    BKP_GetFlagStatus                        0x08003575   Thumb Code    10  stm32f10x_bkp.o(.text)
    BKP_ClearFlag                            0x0800357f   Thumb Code    18  stm32f10x_bkp.o(.text)
    BKP_GetITStatus                          0x08003591   Thumb Code    10  stm32f10x_bkp.o(.text)
    BKP_ClearITPendingBit                    0x0800359b   Thumb Code    18  stm32f10x_bkp.o(.text)
    PWR_DeInit                               0x080035b5   Thumb Code    22  stm32f10x_pwr.o(.text)
    PWR_BackupAccessCmd                      0x080035cb   Thumb Code     6  stm32f10x_pwr.o(.text)
    PWR_PVDCmd                               0x080035d1   Thumb Code     6  stm32f10x_pwr.o(.text)
    PWR_PVDLevelConfig                       0x080035d7   Thumb Code    18  stm32f10x_pwr.o(.text)
    PWR_WakeUpPinCmd                         0x080035e9   Thumb Code     8  stm32f10x_pwr.o(.text)
    PWR_EnterSTOPMode                        0x080035f1   Thumb Code    54  stm32f10x_pwr.o(.text)
    PWR_EnterSTANDBYMode                     0x08003627   Thumb Code    42  stm32f10x_pwr.o(.text)
    PWR_GetFlagStatus                        0x08003651   Thumb Code    20  stm32f10x_pwr.o(.text)
    PWR_ClearFlag                            0x08003665   Thumb Code    14  stm32f10x_pwr.o(.text)
    RTC_ITConfig                             0x08003681   Thumb Code    26  stm32f10x_rtc.o(.text)
    RTC_EnterConfigMode                      0x0800369b   Thumb Code    18  stm32f10x_rtc.o(.text)
    RTC_ExitConfigMode                       0x080036ad   Thumb Code    20  stm32f10x_rtc.o(.text)
    RTC_GetCounter                           0x080036c1   Thumb Code    18  stm32f10x_rtc.o(.text)
    RTC_SetCounter                           0x080036d3   Thumb Code    26  stm32f10x_rtc.o(.text)
    RTC_SetPrescaler                         0x080036ed   Thumb Code    28  stm32f10x_rtc.o(.text)
    RTC_SetAlarm                             0x08003709   Thumb Code    26  stm32f10x_rtc.o(.text)
    RTC_GetDivider                           0x08003723   Thumb Code    22  stm32f10x_rtc.o(.text)
    RTC_WaitForLastTask                      0x08003739   Thumb Code    18  stm32f10x_rtc.o(.text)
    RTC_WaitForSynchro                       0x0800374b   Thumb Code    36  stm32f10x_rtc.o(.text)
    RTC_GetFlagStatus                        0x0800376f   Thumb Code    22  stm32f10x_rtc.o(.text)
    RTC_ClearFlag                            0x08003785   Thumb Code    16  stm32f10x_rtc.o(.text)
    RTC_GetITStatus                          0x08003795   Thumb Code    32  stm32f10x_rtc.o(.text)
    RTC_ClearITPendingBit                    0x080037b5   Thumb Code    16  stm32f10x_rtc.o(.text)
    mymemcpy                                 0x080037c9   Thumb Code    26  malloc.o(.text)
    mymemset                                 0x080037e3   Thumb Code    20  malloc.o(.text)
    my_mem_init                              0x080037f7   Thumb Code    54  malloc.o(.text)
    my_mem_perused                           0x0800382d   Thumb Code    54  malloc.o(.text)
    my_mem_malloc                            0x08003863   Thumb Code   154  malloc.o(.text)
    my_mem_free                              0x080038fd   Thumb Code    94  malloc.o(.text)
    myfree                                   0x0800395b   Thumb Code    32  malloc.o(.text)
    mymalloc                                 0x0800397b   Thumb Code    36  malloc.o(.text)
    myrealloc                                0x0800399f   Thumb Code    68  malloc.o(.text)
    usmart_sys_cmd_exe                       0x080039f5   Thumb Code  1554  usmart.o(.text)
    usmart_reset_runtime                     0x08004007   Thumb Code    38  usmart.o(.text)
    usmart_get_runtime                       0x0800402d   Thumb Code    60  usmart.o(.text)
    TIM4_IRQHandler                          0x08004069   Thumb Code    46  usmart.o(.text)
    Timer4_Init                              0x08004097   Thumb Code    88  usmart.o(.text)
    usmart_init                              0x080040ef   Thumb Code    36  usmart.o(.text)
    usmart_cmd_rec                           0x08004113   Thumb Code   170  usmart.o(.text)
    usmart_exe                               0x080041bd   Thumb Code   870  usmart.o(.text)
    usmart_scan                              0x08004523   Thumb Code   120  usmart.o(.text)
    read_addr                                0x0800459b   Thumb Code     6  usmart.o(.text)
    write_addr                               0x080045a1   Thumb Code     4  usmart.o(.text)
    usmart_strcmp                            0x0800462d   Thumb Code    34  usmart_str.o(.text)
    usmart_strcopy                           0x0800464f   Thumb Code    22  usmart_str.o(.text)
    usmart_strlen                            0x08004665   Thumb Code    24  usmart_str.o(.text)
    usmart_pow                               0x0800467d   Thumb Code    22  usmart_str.o(.text)
    usmart_str2num                           0x08004693   Thumb Code   202  usmart_str.o(.text)
    usmart_get_cmdname                       0x0800475d   Thumb Code    54  usmart_str.o(.text)
    usmart_search_nextc                      0x08004793   Thumb Code    22  usmart_str.o(.text)
    usmart_get_fname                         0x080047a9   Thumb Code   440  usmart_str.o(.text)
    usmart_get_aparm                         0x08004961   Thumb Code   200  usmart_str.o(.text)
    usmart_get_parmpos                       0x08004a29   Thumb Code    26  usmart_str.o(.text)
    usmart_get_fparam                        0x08004a43   Thumb Code   262  usmart_str.o(.text)
    lwip_htons                               0x08004b55   Thumb Code    12  def.o(.text)
    lwip_htonl                               0x08004b61   Thumb Code    26  def.o(.text)
    lwip_strnstr                             0x08004b7b   Thumb Code    74  def.o(.text)
    lwip_stricmp                             0x08004bc5   Thumb Code    60  def.o(.text)
    lwip_strnicmp                            0x08004c01   Thumb Code    64  def.o(.text)
    lwip_itoa                                0x08004c41   Thumb Code   148  def.o(.text)
    lwip_standard_chksum                     0x08004cd5   Thumb Code    94  inet_chksum.o(.text)
    inet_chksum_pseudo                       0x08004dbf   Thumb Code    76  inet_chksum.o(.text)
    ip_chksum_pseudo                         0x08004e0b   Thumb Code    36  inet_chksum.o(.text)
    inet_chksum_pseudo_partial               0x08004ee1   Thumb Code    80  inet_chksum.o(.text)
    ip_chksum_pseudo_partial                 0x08004f31   Thumb Code    36  inet_chksum.o(.text)
    inet_chksum                              0x08004f55   Thumb Code    20  inet_chksum.o(.text)
    inet_chksum_pbuf                         0x08004f69   Thumb Code    86  inet_chksum.o(.text)
    lwip_init                                0x08004fcd   Thumb Code    56  init.o(.text)
    mem_init                                 0x080050f5   Thumb Code    76  mem.o(.text)
    mem_free                                 0x08005193   Thumb Code   176  mem.o(.text)
    mem_trim                                 0x08005243   Thumb Code   360  mem.o(.text)
    mem_malloc                               0x080053ab   Thumb Code   742  mem.o(.text)
    mem_calloc                               0x08005691   Thumb Code    50  mem.o(.text)
    memp_init_pool                           0x0800576d   Thumb Code    44  memp.o(.text)
    memp_init                                0x08005799   Thumb Code    26  memp.o(.text)
    memp_malloc_pool                         0x080057e3   Thumb Code    34  memp.o(.text)
    memp_malloc                              0x08005805   Thumb Code    42  memp.o(.text)
    memp_free_pool                           0x08005857   Thumb Code    40  memp.o(.text)
    memp_free                                0x0800587f   Thumb Code    46  memp.o(.text)
    netif_init                               0x08005945   Thumb Code     2  netif.o(.text)
    netif_input                              0x08005947   Thumb Code    68  netif.o(.text)
    netif_set_addr                           0x08005ab1   Thumb Code    92  netif.o(.text)
    netif_add                                0x08005b15   Thumb Code   314  netif.o(.text)
    netif_add_noaddr                         0x08005c4f   Thumb Code    28  netif.o(.text)
    netif_set_ipaddr                         0x08005c6b   Thumb Code    42  netif.o(.text)
    netif_set_netmask                        0x08005c95   Thumb Code    44  netif.o(.text)
    netif_set_gw                             0x08005cc1   Thumb Code    44  netif.o(.text)
    netif_set_default                        0x08005ced   Thumb Code    10  netif.o(.text)
    netif_set_down                           0x08005cf7   Thumb Code   458  netif.o(.text)
    netif_remove                             0x08005ec1   Thumb Code   106  netif.o(.text)
    netif_set_up                             0x08005f2b   Thumb Code    60  netif.o(.text)
    netif_set_link_up                        0x08005f67   Thumb Code    60  netif.o(.text)
    netif_set_link_down                      0x08005fa3   Thumb Code    52  netif.o(.text)
    netif_find                               0x08005fd7   Thumb Code    74  netif.o(.text)
    netif_name_to_index                      0x08006021   Thumb Code    28  netif.o(.text)
    netif_get_by_index                       0x0800603d   Thumb Code    36  netif.o(.text)
    netif_index_to_name                      0x08006061   Thumb Code    46  netif.o(.text)
    pbuf_free                                0x0800611b   Thumb Code   208  pbuf.o(.text)
    pbuf_alloc_reference                     0x080061eb   Thumb Code    74  pbuf.o(.text)
    pbuf_alloc                               0x08006235   Thumb Code   376  pbuf.o(.text)
    pbuf_alloced_custom                      0x080063ad   Thumb Code    90  pbuf.o(.text)
    pbuf_realloc                             0x08006407   Thumb Code   164  pbuf.o(.text)
    pbuf_add_header                          0x0800669b   Thumb Code    18  pbuf.o(.text)
    pbuf_add_header_force                    0x080066ad   Thumb Code    18  pbuf.o(.text)
    pbuf_remove_header                       0x080066bf   Thumb Code   100  pbuf.o(.text)
    pbuf_header                              0x08006745   Thumb Code    18  pbuf.o(.text)
    pbuf_header_force                        0x08006757   Thumb Code    18  pbuf.o(.text)
    pbuf_free_header                         0x08006769   Thumb Code    64  pbuf.o(.text)
    pbuf_clen                                0x080067a9   Thumb Code    18  pbuf.o(.text)
    pbuf_ref                                 0x080067bb   Thumb Code    38  pbuf.o(.text)
    pbuf_cat                                 0x080067e1   Thumb Code   100  pbuf.o(.text)
    pbuf_chain                               0x08006845   Thumb Code    26  pbuf.o(.text)
    pbuf_dechain                             0x0800685f   Thumb Code   106  pbuf.o(.text)
    pbuf_copy                                0x080068c9   Thumb Code   260  pbuf.o(.text)
    pbuf_copy_partial                        0x080069cd   Thumb Code   148  pbuf.o(.text)
    pbuf_get_contiguous                      0x08006a83   Thumb Code   648  pbuf.o(.text)
    pbuf_skip                                0x08006d0b   Thumb Code    28  pbuf.o(.text)
    pbuf_take                                0x08006d27   Thumb Code   192  pbuf.o(.text)
    pbuf_take_at                             0x08006de7   Thumb Code   144  pbuf.o(.text)
    pbuf_clone                               0x08006e77   Thumb Code    60  pbuf.o(.text)
    pbuf_coalesce                            0x08006eb3   Thumb Code    44  pbuf.o(.text)
    pbuf_try_get_at                          0x08006edf   Thumb Code    46  pbuf.o(.text)
    pbuf_get_at                              0x08006f0d   Thumb Code    28  pbuf.o(.text)
    pbuf_put_at                              0x08006f29   Thumb Code    42  pbuf.o(.text)
    pbuf_memcmp                              0x08006f53   Thumb Code   112  pbuf.o(.text)
    pbuf_memfind                             0x08006fc3   Thumb Code    72  pbuf.o(.text)
    pbuf_strstr                              0x0800700b   Thumb Code    60  pbuf.o(.text)
    raw_input                                0x08007161   Thumb Code   160  raw.o(.text)
    raw_bind                                 0x08007201   Thumb Code    26  raw.o(.text)
    raw_bind_netif                           0x0800721b   Thumb Code    18  raw.o(.text)
    raw_connect                              0x0800722d   Thumb Code    38  raw.o(.text)
    raw_disconnect                           0x08007253   Thumb Code    20  raw.o(.text)
    raw_recv                                 0x08007267   Thumb Code     6  raw.o(.text)
    raw_sendto_if_src                        0x0800726d   Thumb Code   240  raw.o(.text)
    raw_sendto                               0x0800735d   Thumb Code   112  raw.o(.text)
    raw_send                                 0x080073cd   Thumb Code    18  raw.o(.text)
    raw_remove                               0x080073df   Thumb Code    64  raw.o(.text)
    raw_new                                  0x0800741f   Thumb Code    46  raw.o(.text)
    raw_new_ip_type                          0x0800744d   Thumb Code    18  raw.o(.text)
    raw_netif_ip_addr_changed                0x0800745f   Thumb Code    42  raw.o(.text)
    tcp_init                                 0x080074bd   Thumb Code     2  tcp.o(.text)
    tcp_free                                 0x080074bf   Thumb Code    34  tcp.o(.text)
    tcp_seg_free                             0x08007503   Thumb Code    26  tcp.o(.text)
    tcp_segs_free                            0x0800751d   Thumb Code    24  tcp.o(.text)
    tcp_pcb_purge                            0x08007535   Thumb Code   108  tcp.o(.text)
    tcp_slowtmr                              0x080075a1   Thumb Code  1516  tcp.o(.text)
    tcp_pcb_remove                           0x08007c09   Thumb Code   184  tcp.o(.text)
    tcp_close                                0x0800806f   Thumb Code    58  tcp.o(.text)
    tcp_update_rcv_ann_wnd                   0x080080a9   Thumb Code   110  tcp.o(.text)
    tcp_recved                               0x08008117   Thumb Code   124  tcp.o(.text)
    tcp_recv_null                            0x08008193   Thumb Code    68  tcp.o(.text)
    tcp_process_refused_data                 0x080081d7   Thumb Code   180  tcp.o(.text)
    tcp_fasttmr                              0x0800828b   Thumb Code   150  tcp.o(.text)
    tcp_tmr                                  0x08008321   Thumb Code    30  tcp.o(.text)
    tcp_shutdown                             0x0800833f   Thumb Code   124  tcp.o(.text)
    tcp_abandon                              0x080083bb   Thumb Code   566  tcp.o(.text)
    tcp_abort                                0x080085f1   Thumb Code    14  tcp.o(.text)
    tcp_bind                                 0x0800865f   Thumb Code   188  tcp.o(.text)
    tcp_bind_netif                           0x0800871b   Thumb Code    18  tcp.o(.text)
    tcp_listen_with_backlog_and_err          0x08008751   Thumb Code   226  tcp.o(.text)
    tcp_listen_with_backlog                  0x08008833   Thumb Code    18  tcp.o(.text)
    tcp_eff_send_mss_netif                   0x08008845   Thumb Code    72  tcp.o(.text)
    tcp_next_iss                             0x0800888d   Thumb Code    40  tcp.o(.text)
    tcp_connect                              0x080088b5   Thumb Code   774  tcp.o(.text)
    tcp_txnow                                0x08008bbb   Thumb Code    30  tcp.o(.text)
    tcp_setprio                              0x08008bd9   Thumb Code    30  tcp.o(.text)
    tcp_alloc                                0x08008d1f   Thumb Code   190  tcp.o(.text)
    tcp_new                                  0x08008ddd   Thumb Code    10  tcp.o(.text)
    tcp_new_ip_type                          0x08008de7   Thumb Code    16  tcp.o(.text)
    tcp_arg                                  0x08008df7   Thumb Code     6  tcp.o(.text)
    tcp_recv                                 0x08008dfd   Thumb Code    34  tcp.o(.text)
    tcp_sent                                 0x08008e1f   Thumb Code   224  tcp.o(.text)
    tcp_err                                  0x08008eff   Thumb Code    34  tcp.o(.text)
    tcp_accept                               0x08008f21   Thumb Code    16  tcp.o(.text)
    tcp_poll                                 0x08008f31   Thumb Code    56  tcp.o(.text)
    tcp_netif_ip_addr_changed                0x08008fa7   Thumb Code    64  tcp.o(.text)
    tcp_debug_state_str                      0x08008fe7   Thumb Code    10  tcp.o(.text)
    tcp_tcp_get_tcp_addrinfo                 0x08008ff1   Thumb Code    44  tcp.o(.text)
    tcp_input                                0x0800a401   Thumb Code  1904  tcp_in.o(.text)
    tcp_trigger_input_pcb_close              0x0800ab71   Thumb Code    14  tcp_in.o(.text)
    tcp_write                                0x0800ae5d   Thumb Code  2398  tcp_out.o(.text)
    tcp_split_unsent_seg                     0x0800b7bb   Thumb Code   488  tcp_out.o(.text)
    tcp_enqueue_flags                        0x0800b9a3   Thumb Code   372  tcp_out.o(.text)
    tcp_send_fin                             0x0800bb17   Thumb Code    94  tcp_out.o(.text)
    tcp_send_empty_ack                       0x0800c041   Thumb Code   566  tcp_out.o(.text)
    tcp_output                               0x0800c277   Thumb Code   674  tcp_out.o(.text)
    tcp_rexmit_rto_prepare                   0x0800c519   Thumb Code   158  tcp_out.o(.text)
    tcp_rexmit_rto_commit                    0x0800c5b7   Thumb Code    46  tcp_out.o(.text)
    tcp_rexmit_rto                           0x0800c5e5   Thumb Code    36  tcp_out.o(.text)
    tcp_rexmit                               0x0800c609   Thumb Code   354  tcp_out.o(.text)
    tcp_rexmit_fast                          0x0800c76b   Thumb Code   140  tcp_out.o(.text)
    tcp_rst                                  0x0800c7f7   Thumb Code   136  tcp_out.o(.text)
    tcp_keepalive                            0x0800c87f   Thumb Code   112  tcp_out.o(.text)
    tcp_zero_window_probe                    0x0800c8ef   Thumb Code   252  tcp_out.o(.text)
    sys_timeout                              0x0800cb1d   Thumb Code    50  timeouts.o(.text)
    tcp_timer_needed                         0x0800cb77   Thumb Code    38  timeouts.o(.text)
    sys_timeouts_init                        0x0800cbe3   Thumb Code    30  timeouts.o(.text)
    sys_untimeout                            0x0800cc01   Thumb Code    74  timeouts.o(.text)
    sys_check_timeouts                       0x0800cc4b   Thumb Code    74  timeouts.o(.text)
    sys_restart_timeouts                     0x0800cc95   Thumb Code    44  timeouts.o(.text)
    sys_timeouts_sleeptime                   0x0800ccc1   Thumb Code    78  timeouts.o(.text)
    udp_init                                 0x0800cdbd   Thumb Code     2  udp.o(.text)
    udp_debug_print                          0x0800ce8f   Thumb Code    26  udp.o(.text)
    udp_input                                0x0800cea9   Thumb Code   492  udp.o(.text)
    udp_bind                                 0x0800d095   Thumb Code   194  udp.o(.text)
    udp_sendto_if_src                        0x0800d157   Thumb Code   672  udp.o(.text)
    udp_sendto_if                            0x0800d3f7   Thumb Code   162  udp.o(.text)
    udp_sendto                               0x0800d499   Thumb Code   142  udp.o(.text)
    udp_send                                 0x0800d527   Thumb Code    64  udp.o(.text)
    udp_bind_netif                           0x0800d567   Thumb Code    18  udp.o(.text)
    udp_connect                              0x0800d579   Thumb Code   150  udp.o(.text)
    udp_disconnect                           0x0800d60f   Thumb Code    46  udp.o(.text)
    udp_recv                                 0x0800d63d   Thumb Code    34  udp.o(.text)
    udp_remove                               0x0800d65f   Thumb Code   626  udp.o(.text)
    udp_new                                  0x0800d8d1   Thumb Code    28  udp.o(.text)
    udp_new_ip_type                          0x0800d8ed   Thumb Code    14  udp.o(.text)
    udp_netif_ip_addr_changed                0x0800d8fb   Thumb Code    42  udp.o(.text)
    etharp_request                           0x0800dacf   Thumb Code    22  etharp.o(.text)
    etharp_tmr                               0x0800dae5   Thumb Code   222  etharp.o(.text)
    etharp_cleanup_netif                     0x0800df5b   Thumb Code    50  etharp.o(.text)
    etharp_find_addr                         0x0800df8d   Thumb Code    98  etharp.o(.text)
    etharp_get_entry                         0x0800dfef   Thumb Code   128  etharp.o(.text)
    etharp_input                             0x0800e06f   Thumb Code   220  etharp.o(.text)
    etharp_query                             0x0800e30f   Thumb Code   594  etharp.o(.text)
    etharp_output                            0x0800e561   Thumb Code   472  etharp.o(.text)
    icmp_input                               0x0800e739   Thumb Code   534  icmp.o(.text)
    icmp_dest_unreach                        0x0800e9f7   Thumb Code    18  icmp.o(.text)
    icmp_time_exceeded                       0x0800ea09   Thumb Code    18  icmp.o(.text)
    ip4_route                                0x0800eab9   Thumb Code   236  ip4.o(.text)
    ip4_input                                0x0800ebdd   Thumb Code   506  ip4.o(.text)
    ip4_output_if_src                        0x0800edd7   Thumb Code   680  ip4.o(.text)
    ip4_output_if                            0x0800f07f   Thumb Code    54  ip4.o(.text)
    ip4_output                               0x0800f0b5   Thumb Code    78  ip4.o(.text)
    ip4_addr_isbroadcast_u32                 0x0800f13d   Thumb Code    78  ip4_addr.o(.text)
    ip4_addr_netmask_valid                   0x0800f18b   Thumb Code    56  ip4_addr.o(.text)
    ip4addr_aton                             0x0800f1c3   Thumb Code   406  ip4_addr.o(.text)
    ipaddr_addr                              0x0800f359   Thumb Code    24  ip4_addr.o(.text)
    ip4addr_ntoa_r                           0x0800f371   Thumb Code   168  ip4_addr.o(.text)
    ip4addr_ntoa                             0x0800f419   Thumb Code    16  ip4_addr.o(.text)
    ip_reass_tmr                             0x0800f55f   Thumb Code    56  ip4_frag.o(.text)
    ip4_reass                                0x0800f949   Thumb Code   594  ip4_frag.o(.text)
    ip4_frag                                 0x0800fbfd   Thumb Code   746  ip4_frag.o(.text)
    ethernet_input                           0x0800feed   Thumb Code   210  ethernet.o(.text)
    ethernet_output                          0x0800ffbf   Thumb Code   112  ethernet.o(.text)
    ethernetif_input                         0x080100e5   Thumb Code    44  ethernetif.o(.text)
    ethernetif_init                          0x08010111   Thumb Code    64  ethernetif.o(.text)
    sys_now                                  0x08010167   Thumb Code    12  ethernetif.o(.text)
    Send_Data                                0x08010195   Thumb Code    28  udpecho.o(.text)
    UDP_Echo_Init                            0x08010255   Thumb Code    72  udpecho.o(.text)
    __rt_ctype_table                         0x0801038d   Thumb Code     4  ctype_o.o(.text)
    ___aeabi_memcpy4$move                    0x08010395   Thumb Code     0  memmovea.o(.text)
    ___aeabi_memcpy8$move                    0x08010395   Thumb Code     0  memmovea.o(.text)
    __aeabi_memcpy                           0x08010395   Thumb Code    64  memmovea.o(.text)
    __aeabi_memmove                          0x08010395   Thumb Code     0  memmovea.o(.text)
    __aeabi_memmove4                         0x08010395   Thumb Code     0  memmovea.o(.text)
    __aeabi_memmove8                         0x08010395   Thumb Code     0  memmovea.o(.text)
    __aeabi_memset                           0x080103d5   Thumb Code    14  memseta.o(.text)
    __aeabi_memset4                          0x080103d5   Thumb Code     0  memseta.o(.text)
    __aeabi_memset8                          0x080103d5   Thumb Code     0  memseta.o(.text)
    __aeabi_memclr                           0x080103e3   Thumb Code     4  memseta.o(.text)
    __aeabi_memclr4                          0x080103e3   Thumb Code     0  memseta.o(.text)
    __aeabi_memclr8                          0x080103e3   Thumb Code     0  memseta.o(.text)
    _memset$wrapper                          0x080103e7   Thumb Code    18  memseta.o(.text)
    strlen                                   0x080103f9   Thumb Code    14  strlen.o(.text)
    memcmp                                   0x08010407   Thumb Code    26  memcmp.o(.text)
    strncmp                                  0x08010421   Thumb Code    30  strncmp.o(.text)
    atoi                                     0x0801043f   Thumb Code    26  atoi.o(.text)
    __aeabi_uldivmod                         0x08010459   Thumb Code    98  uldiv.o(.text)
    __aeabi_llsl                             0x080104bb   Thumb Code    30  llshl.o(.text)
    _ll_shift_l                              0x080104bb   Thumb Code     0  llshl.o(.text)
    __aeabi_llsr                             0x080104d9   Thumb Code    32  llushr.o(.text)
    _ll_ushift_r                             0x080104d9   Thumb Code     0  llushr.o(.text)
    strtol                                   0x080104f9   Thumb Code   112  strtol.o(.text)
    __scatterload                            0x08010569   Thumb Code    28  init.o(.text)
    __scatterload_rt2                        0x08010569   Thumb Code     0  init.o(.text)
    _strtoul                                 0x0801058d   Thumb Code   158  _strtoul.o(.text)
    _chval                                   0x0801062b   Thumb Code    28  _chval.o(.text)
    __decompress                             0x08010647   Thumb Code     0  __dczerorl2.o(.text)
    __decompress1                            0x08010647   Thumb Code    86  __dczerorl2.o(.text)
    __0printf$8                              0x0801069d   Thumb Code    22  printf8.o(i.__0printf$8)
    __1printf$8                              0x0801069d   Thumb Code     0  printf8.o(i.__0printf$8)
    __2printf                                0x0801069d   Thumb Code     0  printf8.o(i.__0printf$8)
    __aeabi_errno_addr                       0x080106bd   Thumb Code     4  errno.o(i.__aeabi_errno_addr)
    __rt_errno_addr                          0x080106bd   Thumb Code     0  errno.o(i.__aeabi_errno_addr)
    __scatterload_copy                       0x080106c5   Thumb Code    14  handlers.o(i.__scatterload_copy)
    __scatterload_null                       0x080106d3   Thumb Code     2  handlers.o(i.__scatterload_null)
    __scatterload_zeroinit                   0x080106d5   Thumb Code    14  handlers.o(i.__scatterload_zeroinit)
    table_week                               0x08010b46   Data          12  rtc.o(.constdata)
    mon_table                                0x08010b52   Data          12  rtc.o(.constdata)
    memtblsize                               0x08010b60   Data           8  malloc.o(.constdata)
    memblksize                               0x08010b68   Data           8  malloc.o(.constdata)
    memsize                                  0x08010b70   Data           8  malloc.o(.constdata)
    memp_RAW_PCB                             0x08010b78   Data          16  memp.o(.constdata)
    memp_UDP_PCB                             0x08010b88   Data          16  memp.o(.constdata)
    memp_TCP_PCB                             0x08010b98   Data          16  memp.o(.constdata)
    memp_TCP_PCB_LISTEN                      0x08010ba8   Data          16  memp.o(.constdata)
    memp_TCP_SEG                             0x08010bb8   Data          16  memp.o(.constdata)
    memp_ALTCP_PCB                           0x08010bc8   Data          16  memp.o(.constdata)
    memp_REASSDATA                           0x08010bd8   Data          16  memp.o(.constdata)
    memp_FRAG_PBUF                           0x08010be8   Data          16  memp.o(.constdata)
    memp_ARP_QUEUE                           0x08010bf8   Data          16  memp.o(.constdata)
    memp_SYS_TIMEOUT                         0x08010c08   Data          16  memp.o(.constdata)
    memp_PBUF                                0x08010c18   Data          16  memp.o(.constdata)
    memp_PBUF_POOL                           0x08010c28   Data          16  memp.o(.constdata)
    memp_pools                               0x08010c38   Data          48  memp.o(.constdata)
    tcp_pcb_lists                            0x08010ca8   Data          16  tcp.o(.constdata)
    lwip_cyclic_timers                       0x08010cb8   Data          24  timeouts.o(.constdata)
    lwip_num_cyclic_timers                   0x08010cd0   Data           4  timeouts.o(.constdata)
    ip_addr_any                              0x08010cd4   Data           4  ip4_addr.o(.constdata)
    ip_addr_broadcast                        0x08010cd8   Data           4  ip4_addr.o(.constdata)
    ethbroadcast                             0x08010cdc   Data           6  ethernet.o(.constdata)
    ethzero                                  0x08010ce2   Data           6  ethernet.o(.constdata)
    __ctype_table                            0x08010ce8   Data         129  ctype_o.o(.constdata)
    Region$$Table$$Base                      0x080110ec   Number         0  anon$$obj.o(Region$$Table)
    Region$$Table$$Limit                     0x0801110c   Number         0  anon$$obj.o(Region$$Table)
    ipaddr                                   0x20000000   Data           4  main.o(.data)
    netmask                                  0x20000004   Data           4  main.o(.data)
    gw                                       0x20000008   Data           4  main.o(.data)
    IP_ADDRESS                               0x2000000c   Data           4  main.o(.data)
    NETMASK_ADDRESS                          0x20000010   Data           4  main.o(.data)
    GATEWAY_ADDRESS                          0x20000014   Data           4  main.o(.data)
    SystemCoreClock                          0x20000018   Data           4  system_stm32f10x.o(.data)
    AHBPrescTable                            0x2000001c   Data          16  system_stm32f10x.o(.data)
    __stdout                                 0x20000030   Data           4  usart.o(.data)
    USART_RX_STA                             0x20000034   Data           2  usart.o(.data)
    lwip_localtime                           0x20000038   Data           4  timer.o(.data)
    mallco_dev                               0x20000054   Data          28  malloc.o(.data)
    sys_cmd_tab                              0x20000070   Data          28  usmart.o(.data)
    usmart_nametab                           0x2000008c   Data          64  usmart_config.o(.data)
    usmart_dev                               0x200000cc   Data         244  usmart_config.o(.data)
    netif_list                               0x200001fc   Data           4  netif.o(.data)
    netif_default                            0x20000200   Data           4  netif.o(.data)
    tcp_ticks                                0x20000210   Data           4  tcp.o(.data)
    tcp_bound_pcbs                           0x20000214   Data           4  tcp.o(.data)
    tcp_listen_pcbs                          0x20000218   Data           4  tcp.o(.data)
    tcp_active_pcbs                          0x2000021c   Data           4  tcp.o(.data)
    tcp_tw_pcbs                              0x20000220   Data           4  tcp.o(.data)
    tcp_active_pcbs_changed                  0x20000224   Data           1  tcp.o(.data)
    tcp_input_pcb                            0x20000250   Data           4  tcp_in.o(.data)
    udp_pcbs                                 0x20000264   Data           4  udp.o(.data)
    gnetif                                   0x2000027c   Data          48  main.o(.bss)
    USART_RX_BUF                             0x200002ac   Data         200  usart.o(.bss)
    dm9000cfg                                0x20000374   Data          18  dm9000.o(.bss)
    calendar                                 0x20000386   Data          10  rtc.o(.bss)
    mem1base                                 0x200003a0   Data       40960  malloc.o(.bss)
    mem1mapbase                              0x2000a3a0   Data        2560  malloc.o(.bss)
    ip_data                                  0x2000ada0   Data          24  ip.o(.bss)
    ram_heap                                 0x2000adb8   Data       10259  mem.o(.bss)
    memp_memory_RAW_PCB_base                 0x2000d5cb   Data          87  memp.o(.bss)
    memp_memory_UDP_PCB_base                 0x2000d622   Data         195  memp.o(.bss)
    memp_memory_TCP_PCB_base                 0x2000d6e5   Data        1523  memp.o(.bss)
    memp_memory_TCP_PCB_LISTEN_base          0x2000dcd8   Data         171  memp.o(.bss)
    memp_memory_TCP_SEG_base                 0x2000dd83   Data         243  memp.o(.bss)
    memp_memory_ALTCP_PCB_base               0x2000de76   Data         443  memp.o(.bss)
    memp_memory_REASSDATA_base               0x2000e031   Data         163  memp.o(.bss)
    memp_memory_FRAG_PBUF_base               0x2000e0d4   Data         363  memp.o(.bss)
    memp_memory_ARP_QUEUE_base               0x2000e23f   Data         243  memp.o(.bss)
    memp_memory_SYS_TIMEOUT_base             0x2000e332   Data         163  memp.o(.bss)
    memp_memory_PBUF_base                    0x2000e3d5   Data         163  memp.o(.bss)
    memp_memory_PBUF_POOL_base               0x2000e478   Data        5163  memp.o(.bss)
    __initial_sp                             0x2000fdb8   Data           0  startup_stm32f10x_hd.o(STACK)
    mem2base                                 0x68000000   Data       983040  malloc.o(.ARM.__AT_0x68000000)
    mem2mapbase                              0x680f0000   Data       61440  malloc.o(.ARM.__AT_0x680F0000)



==============================================================================

Memory Map of the image

  Image Entry point : 0x08000131

  Load Region LR_IROM1 (Base: 0x08000000, Size: 0x00011388, Max: 0x00080000, ABSOLUTE, COMPRESSED[0x000111ac])

    Execution Region ER_IROM1 (Exec base: 0x08000000, Load base: 0x08000000, Size: 0x0001110c, Max: 0x00080000, ABSOLUTE)

    Exec Addr    Load Addr    Size         Type   Attr      Idx    E Section Name        Object

    0x08000000   0x08000000   0x00000130   Data   RO          326    RESET               startup_stm32f10x_hd.o
    0x08000130   0x08000130   0x00000000   Code   RO         1599  * .ARM.Collect$$$$00000000  mc_w.l(entry.o)
    0x08000130   0x08000130   0x00000004   Code   RO         1925    .ARM.Collect$$$$00000001  mc_w.l(entry2.o)
    0x08000134   0x08000134   0x00000004   Code   RO         1928    .ARM.Collect$$$$00000004  mc_w.l(entry5.o)
    0x08000138   0x08000138   0x00000000   Code   RO         1930    .ARM.Collect$$$$00000008  mc_w.l(entry7b.o)
    0x08000138   0x08000138   0x00000000   Code   RO         1932    .ARM.Collect$$$$0000000A  mc_w.l(entry8b.o)
    0x08000138   0x08000138   0x00000008   Code   RO         1933    .ARM.Collect$$$$0000000B  mc_w.l(entry9a.o)
    0x08000140   0x08000140   0x00000000   Code   RO         1935    .ARM.Collect$$$$0000000D  mc_w.l(entry10a.o)
    0x08000140   0x08000140   0x00000000   Code   RO         1937    .ARM.Collect$$$$0000000F  mc_w.l(entry11a.o)
    0x08000140   0x08000140   0x00000004   Code   RO         1926    .ARM.Collect$$$$00002712  mc_w.l(entry2.o)
    0x08000144   0x08000144   0x000000fc   Code   RO            1    .text               main.o
    0x08000240   0x08000240   0x0000001a   Code   RO          257    .text               stm32f10x_it.o
    0x0800025a   0x0800025a   0x00000002   PAD
    0x0800025c   0x0800025c   0x000001e0   Code   RO          295    .text               system_stm32f10x.o
    0x0800043c   0x0800043c   0x00000024   Code   RO          327    .text               startup_stm32f10x_hd.o
    0x08000460   0x08000460   0x000000d4   Code   RO          331    .text               delay.o
    0x08000534   0x08000534   0x00000140   Code   RO          361    .text               usart.o
    0x08000674   0x08000674   0x0000008c   Code   RO          448    .text               timer.o
    0x08000700   0x08000700   0x00000840   Code   RO          463    .text               dm9000.o
    0x08000f40   0x08000f40   0x00000488   Code   RO          508    .text               rtc.o
    0x080013c8   0x080013c8   0x000000dc   Code   RO          540    .text               misc.o
    0x080014a4   0x080014a4   0x0000060c   Code   RO          552    .text               stm32f10x_fsmc.o
    0x08001ab0   0x08001ab0   0x0000035c   Code   RO          564    .text               stm32f10x_gpio.o
    0x08001e0c   0x08001e0c   0x000003a4   Code   RO          576    .text               stm32f10x_rcc.o
    0x080021b0   0x080021b0   0x00000e1a   Code   RO          590    .text               stm32f10x_tim.o
    0x08002fca   0x08002fca   0x00000002   PAD
    0x08002fcc   0x08002fcc   0x00000408   Code   RO          602    .text               stm32f10x_usart.o
    0x080033d4   0x080033d4   0x0000011c   Code   RO          614    .text               stm32f10x_exti.o
    0x080034f0   0x080034f0   0x000000c4   Code   RO          638    .text               stm32f10x_bkp.o
    0x080035b4   0x080035b4   0x000000cc   Code   RO          650    .text               stm32f10x_pwr.o
    0x08003680   0x08003680   0x00000148   Code   RO          662    .text               stm32f10x_rtc.o
    0x080037c8   0x080037c8   0x0000022c   Code   RO          674    .text               malloc.o
    0x080039f4   0x080039f4   0x00000c38   Code   RO          696    .text               usmart.o
    0x0800462c   0x0800462c   0x00000528   Code   RO          725    .text               usmart_str.o
    0x08004b54   0x08004b54   0x00000180   Code   RO          892    .text               def.o
    0x08004cd4   0x08004cd4   0x000002f8   Code   RO          910    .text               inet_chksum.o
    0x08004fcc   0x08004fcc   0x0000003c   Code   RO          925    .text               init.o
    0x08005008   0x08005008   0x00000764   Code   RO         1039    .text               mem.o
    0x0800576c   0x0800576c   0x000001d8   Code   RO         1062    .text               memp.o
    0x08005944   0x08005944   0x000007b8   Code   RO         1120    .text               netif.o
    0x080060fc   0x080060fc   0x00001024   Code   RO         1172    .text               pbuf.o
    0x08007120   0x08007120   0x0000039c   Code   RO         1184    .text               raw.o
    0x080074bc   0x080074bc   0x00001c2c   Code   RO         1218    .text               tcp.o
    0x080090e8   0x080090e8   0x00001ae4   Code   RO         1242    .text               tcp_in.o
    0x0800abcc   0x0800abcc   0x00001eb8   Code   RO         1265    .text               tcp_out.o
    0x0800ca84   0x0800ca84   0x00000338   Code   RO         1285    .text               timeouts.o
    0x0800cdbc   0x0800cdbc   0x00000b6c   Code   RO         1313    .text               udp.o
    0x0800d928   0x0800d928   0x00000e10   Code   RO         1349    .text               etharp.o
    0x0800e738   0x0800e738   0x00000380   Code   RO         1374    .text               icmp.o
    0x0800eab8   0x0800eab8   0x00000684   Code   RO         1395    .text               ip4.o
    0x0800f13c   0x0800f13c   0x000002fc   Code   RO         1409    .text               ip4_addr.o
    0x0800f438   0x0800f438   0x00000ab4   Code   RO         1438    .text               ip4_frag.o
    0x0800feec   0x0800feec   0x0000017c   Code   RO         1483    .text               ethernet.o
    0x08010068   0x08010068   0x0000012c   Code   RO         1546    .text               ethernetif.o
    0x08010194   0x08010194   0x000001f8   Code   RO         1569    .text               udpecho.o
    0x0801038c   0x0801038c   0x00000008   Code   RO         1602    .text               mc_w.l(ctype_o.o)
    0x08010394   0x08010394   0x00000040   Code   RO         1632    .text               mc_w.l(memmovea.o)
    0x080103d4   0x080103d4   0x00000024   Code   RO         1634    .text               mc_w.l(memseta.o)
    0x080103f8   0x080103f8   0x0000000e   Code   RO         1636    .text               mc_w.l(strlen.o)
    0x08010406   0x08010406   0x0000001a   Code   RO         1638    .text               mc_w.l(memcmp.o)
    0x08010420   0x08010420   0x0000001e   Code   RO         1640    .text               mc_w.l(strncmp.o)
    0x0801043e   0x0801043e   0x0000001a   Code   RO         1907    .text               mc_w.l(atoi.o)
    0x08010458   0x08010458   0x00000062   Code   RO         1941    .text               mc_w.l(uldiv.o)
    0x080104ba   0x080104ba   0x0000001e   Code   RO         1943    .text               mc_w.l(llshl.o)
    0x080104d8   0x080104d8   0x00000020   Code   RO         1945    .text               mc_w.l(llushr.o)
    0x080104f8   0x080104f8   0x00000070   Code   RO         1956    .text               mc_w.l(strtol.o)
    0x08010568   0x08010568   0x00000024   Code   RO         1967    .text               mc_w.l(init.o)
    0x0801058c   0x0801058c   0x0000009e   Code   RO         1969    .text               mc_w.l(_strtoul.o)
    0x0801062a   0x0801062a   0x0000001c   Code   RO         1971    .text               mc_w.l(_chval.o)
    0x08010646   0x08010646   0x00000056   Code   RO         1981    .text               mc_w.l(__dczerorl2.o)
    0x0801069c   0x0801069c   0x00000020   Code   RO         1853    i.__0printf$8       mc_w.l(printf8.o)
    0x080106bc   0x080106bc   0x00000008   Code   RO         1949    i.__aeabi_errno_addr  mc_w.l(errno.o)
    0x080106c4   0x080106c4   0x0000000e   Code   RO         1975    i.__scatterload_copy  mc_w.l(handlers.o)
    0x080106d2   0x080106d2   0x00000002   Code   RO         1976    i.__scatterload_null  mc_w.l(handlers.o)
    0x080106d4   0x080106d4   0x0000000e   Code   RO         1977    i.__scatterload_zeroinit  mc_w.l(handlers.o)
    0x080106e2   0x080106e2   0x00000002   PAD
    0x080106e4   0x080106e4   0x00000410   Code   RO         1860    i._printf_core      mc_w.l(printf8.o)
    0x08010af4   0x08010af4   0x00000024   Code   RO         1861    i._printf_post_padding  mc_w.l(printf8.o)
    0x08010b18   0x08010b18   0x0000002e   Code   RO         1862    i._printf_pre_padding  mc_w.l(printf8.o)
    0x08010b46   0x08010b46   0x00000018   Data   RO          510    .constdata          rtc.o
    0x08010b5e   0x08010b5e   0x00000002   PAD
    0x08010b60   0x08010b60   0x00000018   Data   RO          678    .constdata          malloc.o
    0x08010b78   0x08010b78   0x000000f0   Data   RO         1064    .constdata          memp.o
    0x08010c68   0x08010c68   0x00000050   Data   RO         1219    .constdata          tcp.o
    0x08010cb8   0x08010cb8   0x0000001c   Data   RO         1286    .constdata          timeouts.o
    0x08010cd4   0x08010cd4   0x00000008   Data   RO         1411    .constdata          ip4_addr.o
    0x08010cdc   0x08010cdc   0x0000000c   Data   RO         1484    .constdata          ethernet.o
    0x08010ce8   0x08010ce8   0x00000081   Data   RO         1603    .constdata          mc_w.l(ctype_o.o)
    0x08010d69   0x08010d69   0x00000003   PAD
    0x08010d6c   0x08010d6c   0x00000004   Data   RO         1604    .constdata          mc_w.l(ctype_o.o)
    0x08010d70   0x08010d70   0x00000028   Data   RO          697    .conststring        usmart.o
    0x08010d98   0x08010d98   0x0000011f   Data   RO          712    .conststring        usmart_config.o
    0x08010eb7   0x08010eb7   0x00000001   PAD
    0x08010eb8   0x08010eb8   0x00000041   Data   RO          926    .conststring        init.o
    0x08010ef9   0x08010ef9   0x00000003   PAD
    0x08010efc   0x08010efc   0x00000088   Data   RO         1065    .conststring        memp.o
    0x08010f84   0x08010f84   0x00000049   Data   RO         1185    .conststring        raw.o
    0x08010fcd   0x08010fcd   0x00000003   PAD
    0x08010fd0   0x08010fd0   0x0000006d   Data   RO         1220    .conststring        tcp.o
    0x0801103d   0x0801103d   0x00000003   PAD
    0x08011040   0x08011040   0x00000055   Data   RO         1266    .conststring        tcp_out.o
    0x08011095   0x08011095   0x00000003   PAD
    0x08011098   0x08011098   0x00000041   Data   RO         1351    .conststring        etharp.o
    0x080110d9   0x080110d9   0x00000003   PAD
    0x080110dc   0x080110dc   0x00000010   Data   RO         1570    .conststring        udpecho.o
    0x080110ec   0x080110ec   0x00000020   Data   RO         1973    Region$$Table       anon$$obj.o


    Execution Region RW_IRAM1 (Exec base: 0x20000000, Load base: 0x0801110c, Size: 0x0000fdb8, Max: 0x00010000, ABSOLUTE, COMPRESSED[0x000000a0])

    Exec Addr    Load Addr    Size         Type   Attr      Idx    E Section Name        Object

    0x20000000   COMPRESSED   0x00000018   Data   RW            3    .data               main.o
    0x20000018   COMPRESSED   0x00000014   Data   RW          296    .data               system_stm32f10x.o
    0x2000002c   COMPRESSED   0x00000004   Data   RW          332    .data               delay.o
    0x20000030   COMPRESSED   0x00000006   Data   RW          363    .data               usart.o
    0x20000036   COMPRESSED   0x00000002   PAD
    0x20000038   COMPRESSED   0x00000004   Data   RW          449    .data               timer.o
    0x2000003c   COMPRESSED   0x00000002   Data   RW          511    .data               rtc.o
    0x2000003e   COMPRESSED   0x00000014   Data   RW          577    .data               stm32f10x_rcc.o
    0x20000052   COMPRESSED   0x00000002   PAD
    0x20000054   COMPRESSED   0x0000001c   Data   RW          679    .data               malloc.o
    0x20000070   COMPRESSED   0x0000001c   Data   RW          698    .data               usmart.o
    0x2000008c   COMPRESSED   0x00000134   Data   RW          713    .data               usmart_config.o
    0x200001c0   COMPRESSED   0x0000000c   Data   RW         1041    .data               mem.o
    0x200001cc   COMPRESSED   0x00000030   Data   RW         1066    .data               memp.o
    0x200001fc   COMPRESSED   0x00000009   Data   RW         1121    .data               netif.o
    0x20000205   COMPRESSED   0x00000003   PAD
    0x20000208   COMPRESSED   0x00000004   Data   RW         1186    .data               raw.o
    0x2000020c   COMPRESSED   0x00000020   Data   RW         1221    .data               tcp.o
    0x2000022c   COMPRESSED   0x00000028   Data   RW         1244    .data               tcp_in.o
    0x20000254   COMPRESSED   0x0000000c   Data   RW         1287    .data               timeouts.o
    0x20000260   COMPRESSED   0x00000008   Data   RW         1314    .data               udp.o
    0x20000268   COMPRESSED   0x00000001   Data   RW         1352    .data               etharp.o
    0x20000269   COMPRESSED   0x00000001   PAD
    0x2000026a   COMPRESSED   0x00000002   Data   RW         1396    .data               ip4.o
    0x2000026c   COMPRESSED   0x00000006   Data   RW         1439    .data               ip4_frag.o
    0x20000272   COMPRESSED   0x00000002   PAD
    0x20000274   COMPRESSED   0x00000004   Data   RW         1571    .data               udpecho.o
    0x20000278   COMPRESSED   0x00000004   Data   RW         1952    .data               mc_w.l(errno.o)
    0x2000027c        -       0x00000030   Zero   RW            2    .bss                main.o
    0x200002ac        -       0x000000c8   Zero   RW          362    .bss                usart.o
    0x20000374        -       0x00000012   Zero   RW          464    .bss                dm9000.o
    0x20000386        -       0x0000000a   Zero   RW          509    .bss                rtc.o
    0x20000390   COMPRESSED   0x00000010   PAD
    0x200003a0        -       0x0000aa00   Zero   RW          677    .bss                malloc.o
    0x2000ada0        -       0x00000018   Zero   RW         1017    .bss                ip.o
    0x2000adb8        -       0x00002813   Zero   RW         1040    .bss                mem.o
    0x2000d5cb        -       0x000022d8   Zero   RW         1063    .bss                memp.o
    0x2000f8a3   COMPRESSED   0x00000001   PAD
    0x2000f8a4        -       0x00000014   Zero   RW         1243    .bss                tcp_in.o
    0x2000f8b8        -       0x000000f0   Zero   RW         1350    .bss                etharp.o
    0x2000f9a8        -       0x00000010   Zero   RW         1410    .bss                ip4_addr.o
    0x2000f9b8        -       0x00000400   Zero   RW          324    STACK               startup_stm32f10x_hd.o



  Load Region LR$$.ARM.__AT_0x68000000 (Base: 0x68000000, Size: 0x00000000, Max: 0x000f0000, ABSOLUTE)

    Execution Region ER$$.ARM.__AT_0x68000000 (Exec base: 0x68000000, Load base: 0x68000000, Size: 0x000f0000, Max: 0x000f0000, ABSOLUTE, UNINIT)

    Exec Addr    Load Addr    Size         Type   Attr      Idx    E Section Name        Object

    0x68000000        -       0x000f0000   Zero   RW          675    .ARM.__AT_0x68000000  malloc.o



  Load Region LR$$.ARM.__AT_0x680F0000 (Base: 0x680f0000, Size: 0x00000000, Max: 0x0000f000, ABSOLUTE)

    Execution Region ER$$.ARM.__AT_0x680F0000 (Exec base: 0x680f0000, Load base: 0x680f0000, Size: 0x0000f000, Max: 0x0000f000, ABSOLUTE, UNINIT)

    Exec Addr    Load Addr    Size         Type   Attr      Idx    E Section Name        Object

    0x680f0000        -       0x0000f000   Zero   RW          676    .ARM.__AT_0x680F0000  malloc.o


==============================================================================

Image component sizes


      Code (inc. data)   RO Data    RW Data    ZI Data      Debug   Object Name

         0          0          0          0          0       4427   altcp.o
         0          0          0          0          0       7764   altcp_alloc.o
         0          0          0          0          0         32   core_cm3.o
       384          0          0          0          0       2690   def.o
       212         18          0          4          0        955   delay.o
      2112        364          0          0         18       9732   dm9000.o
      3600        518         65          1        240       9479   etharp.o
       380         58         12          0          0       2052   ethernet.o
       300         34          0          0          0       2536   ethernetif.o
       896        158          0          0          0       3346   icmp.o
       760         14          0          0          0       4480   inet_chksum.o
        60          4         65          0          0       4036   init.o
         0          0          0          0         24       9197   ip.o
      1668        382          0          2          0       4525   ip4.o
       764         22          8          0         16      10850   ip4_addr.o
      2740        474          0          6          0       8070   ip4_frag.o
       252         80          0         24         48     284402   main.o
       556         18         24         28    1088000       4512   malloc.o
      1892        544          0         12      10259       5502   mem.o
       472        152        376         48       8920       8762   memp.o
       220         22          0          0          0       1741   misc.o
      1976        500          0          9          0      15072   netif.o
      4132       1078          0          0          0      14796   pbuf.o
       924         52         73          4          0       5467   raw.o
      1160         62         24          2         10       4210   rtc.o
         0          0          0          0          0       1228   sram.o
        36          8        304          0       1024        752   startup_stm32f10x_hd.o
       196          8          0          0          0       3444   stm32f10x_bkp.o
       284         10          0          0          0       2203   stm32f10x_exti.o
      1548         18          0          0          0       5323   stm32f10x_fsmc.o
       860         38          0          0          0       5677   stm32f10x_gpio.o
        26          0          0          0          0       1138   stm32f10x_it.o
       204         14          0          0          0       1919   stm32f10x_pwr.o
       932         36          0         20          0       8820   stm32f10x_rcc.o
       328          4          0          0          0       2694   stm32f10x_rtc.o
      3610         88          0          0          0      22788   stm32f10x_tim.o
      1032         22          0          0          0       8400   stm32f10x_usart.o
       480         38          0         20          0       1611   system_stm32f10x.o
      7212       1922        189         32          0      27736   tcp.o
      6884       1198          0         40         20      17521   tcp_in.o
      7864       2008         85          0          0      24372   tcp_out.o
       824        174         28         12          0       4910   timeouts.o
       140         10          0          4          0       1134   timer.o
      2924        804          0          8          0       9409   udp.o
       504        240         16          4          0       2142   udpecho.o
       320         18          0          6        200       3006   usart.o
      3128       1288         40         28          0       4242   usmart.o
         0          0        287        308          0       1564   usmart_config.o
      1320         12          0          0          0       5141   usmart_str.o

    ----------------------------------------------------------------------
     66120      12512       1646        632    1108796     595809   Object Totals
         0          0         32          0          0          0   (incl. Generated)
         4          0         18         10         17          0   (incl. Padding)

    ----------------------------------------------------------------------

      Code (inc. data)   RO Data    RW Data    ZI Data      Debug   Library Member Name

        86          0          0          0          0          0   __dczerorl2.o
        28          0          0          0          0         68   _chval.o
       158          0          0          0          0         92   _strtoul.o
        26          0          0          0          0         80   atoi.o
         8          4        133          0          0         68   ctype_o.o
         0          0          0          0          0          0   entry.o
         0          0          0          0          0          0   entry10a.o
         0          0          0          0          0          0   entry11a.o
         8          4          0          0          0          0   entry2.o
         4          0          0          0          0          0   entry5.o
         0          0          0          0          0          0   entry7b.o
         0          0          0          0          0          0   entry8b.o
         8          4          0          0          0          0   entry9a.o
         8          4          0          4          0         68   errno.o
        30          0          0          0          0          0   handlers.o
        36          8          0          0          0         68   init.o
        30          0          0          0          0         68   llshl.o
        32          0          0          0          0         68   llushr.o
        26          0          0          0          0         80   memcmp.o
        64          0          0          0          0         76   memmovea.o
        36          0          0          0          0        108   memseta.o
      1154         54          0          0          0        352   printf8.o
        14          0          0          0          0         68   strlen.o
        30          0          0          0          0         80   strncmp.o
       112          0          0          0          0         88   strtol.o
        98          0          0          0          0         92   uldiv.o

    ----------------------------------------------------------------------
      1998         78        136          4          0       1524   Library Totals
         2          0          3          0          0          0   (incl. Padding)

    ----------------------------------------------------------------------

      Code (inc. data)   RO Data    RW Data    ZI Data      Debug   Library Name

      1996         78        133          4          0       1524   mc_w.l

    ----------------------------------------------------------------------
      1998         78        136          4          0       1524   Library Totals

    ----------------------------------------------------------------------

==============================================================================


      Code (inc. data)   RO Data    RW Data    ZI Data      Debug   

     68118      12590       1782        636    1108796     592469   Grand Totals
     68118      12590       1782        160    1108796     592469   ELF Image Totals (compressed)
     68118      12590       1782        160          0          0   ROM Totals

==============================================================================

    Total RO  Size (Code + RO Data)                69900 (  68.26kB)
    Total RW  Size (RW Data + ZI Data)           1109432 (1083.43kB)
    Total ROM Size (Code + RO Data + RW Data)      70060 (  68.42kB)

==============================================================================

