<html>
<body>
<pre>
<h1>µVision Build Log</h1>
<h2>Tool Versions:</h2>
IDE-Version: ¦ÌVision V5.31.0.0
Copyright (C) 2020 ARM Ltd and ARM Germany GmbH. All rights reserved.
License Information: aa aa, aa, LIC=R4HVE-5R0Q7-C24L6-D01YG-NC0L9-8ZJGM
 
Tool Versions:
Toolchain:       MDK-ARM Professional  Version: 5.31.0.0
Toolchain Path:  D:\MDK-ARm\ARM\ARMCC\Bin
C Compiler:      Armcc.exe V5.06 update 6 (build 750)
Assembler:       Armasm.exe V5.06 update 6 (build 750)
Linker/Locator:  ArmLink.exe V5.06 update 6 (build 750)
Library Manager: ArmAr.exe V5.06 update 6 (build 750)
Hex Converter:   FromElf.exe V5.06 update 6 (build 750)
CPU DLL:         SARMCM3.DLL V5.31.0.0
Dialog DLL:      DARMSTM.DLL V1.68.0.0
Target DLL:      Segger\JL2CM3.dll V2.99.38.0
Dialog DLL:      TARMSTM.DLL V1.66.0.0
 
<h2>Project:</h2>
E:\50-network\USER\NET_LWIP.uvprojx
Project File Date:  07/10/2021

<h2>Output:</h2>
*** Using Compiler 'V5.06 update 6 (build 750)', folder: 'D:\MDK-ARm\ARM\ARMCC\Bin'
Build target 'NET_LWIP'
Note: source file '..\LWIP\core\sys.c' - object file renamed from '..\OBJ\sys.o' to '..\OBJ\sys_1.o'.
compiling udpecho.c...
..\LWIP\My_demo\src\udpecho.c(38): warning:  #181-D: argument is incompatible with corresponding format string conversion
  	printf("The Value of Q:%s\r\n",q->payload);
..\LWIP\My_demo\src\udpecho.c: 1 warning, 0 errors
linking...
Program Size: Code=68118 RO-data=1782 RW-data=636 ZI-data=1108796  
FromELF: creating hex file...
"..\OBJ\NET_LWIP.axf" - 0 Error(s), 1 Warning(s).

<h2>Software Packages used:</h2>

Package Vendor: Keil
                http://www.keil.com/pack/Keil.STM32F1xx_DFP.2.0.0.pack
                Keil.STM32F1xx_DFP.2.0.0
                STMicroelectronics STM32F1 Series Device Support, Drivers and Examples

<h2>Collection of Component include folders:</h2>
  D:\MDK-ARm\Keil\STM32F1xx_DFP\2.0.0\Device\Include

<h2>Collection of Component Files used:</h2>
Build Time Elapsed:  00:00:02
</pre>
</body>
</html>
